Archive member included to satisfy reference by file (symbol)

d:/softwares/intelfpga_lite/18.1/nios2eds/bin/gnu/h-x86_64-mingw32/bin/../lib/gcc/nios2-elf/5.3.0/mno-hw-mul\libgcc.a(lib2-divmod.o)
                              obj/default/gamelogic.o (__divsi3)
d:/softwares/intelfpga_lite/18.1/nios2eds/bin/gnu/h-x86_64-mingw32/bin/../lib/gcc/nios2-elf/5.3.0/mno-hw-mul\libgcc.a(lib2-mul.o)
                              obj/default/gamelogic.o (__mulsi3)
d:/softwares/intelfpga_lite/18.1/nios2eds/bin/gnu/h-x86_64-mingw32/bin/../lib/gcc/nios2-elf/5.3.0/../../../../../H-x86_64-mingw32/nios2-elf/lib/mno-hw-mul\libsmallc.a(lib_a-abort.o)
                              obj/default/lwip/apps/http/http_client.o (abort)
d:/softwares/intelfpga_lite/18.1/nios2eds/bin/gnu/h-x86_64-mingw32/bin/../lib/gcc/nios2-elf/5.3.0/../../../../../H-x86_64-mingw32/nios2-elf/lib/mno-hw-mul\libsmallc.a(lib_a-atoi.o)
                              obj/default/lwip/apps/http/http_client.o (atoi)
d:/softwares/intelfpga_lite/18.1/nios2eds/bin/gnu/h-x86_64-mingw32/bin/../lib/gcc/nios2-elf/5.3.0/../../../../../H-x86_64-mingw32/nios2-elf/lib/mno-hw-mul\libsmallc.a(lib_a-clock.o)
                              obj/default/httpc.o (clock)
d:/softwares/intelfpga_lite/18.1/nios2eds/bin/gnu/h-x86_64-mingw32/bin/../lib/gcc/nios2-elf/5.3.0/../../../../../H-x86_64-mingw32/nios2-elf/lib/mno-hw-mul\libsmallc.a(lib_a-ctype_.o)
                              obj/default/lwip/core/dns.o (__ctype_ptr__)
d:/softwares/intelfpga_lite/18.1/nios2eds/bin/gnu/h-x86_64-mingw32/bin/../lib/gcc/nios2-elf/5.3.0/../../../../../H-x86_64-mingw32/nios2-elf/lib/mno-hw-mul\libsmallc.a(lib_a-impure.o)
                              d:/softwares/intelfpga_lite/18.1/nios2eds/bin/gnu/h-x86_64-mingw32/bin/../lib/gcc/nios2-elf/5.3.0/../../../../../H-x86_64-mingw32/nios2-elf/lib/mno-hw-mul\libsmallc.a(lib_a-clock.o) (_impure_ptr)
d:/softwares/intelfpga_lite/18.1/nios2eds/bin/gnu/h-x86_64-mingw32/bin/../lib/gcc/nios2-elf/5.3.0/../../../../../H-x86_64-mingw32/nios2-elf/lib/mno-hw-mul\libsmallc.a(lib_a-memcmp.o)
                              obj/default/lwip/netif/ethernet.o (memcmp)
d:/softwares/intelfpga_lite/18.1/nios2eds/bin/gnu/h-x86_64-mingw32/bin/../lib/gcc/nios2-elf/5.3.0/../../../../../H-x86_64-mingw32/nios2-elf/lib/mno-hw-mul\libsmallc.a(lib_a-memcpy.o)
                              obj/default/httpc.o (memcpy)
d:/softwares/intelfpga_lite/18.1/nios2eds/bin/gnu/h-x86_64-mingw32/bin/../lib/gcc/nios2-elf/5.3.0/../../../../../H-x86_64-mingw32/nios2-elf/lib/mno-hw-mul\libsmallc.a(lib_a-memmove.o)
                              obj/default/lwip/core/def.o (memmove)
d:/softwares/intelfpga_lite/18.1/nios2eds/bin/gnu/h-x86_64-mingw32/bin/../lib/gcc/nios2-elf/5.3.0/../../../../../H-x86_64-mingw32/nios2-elf/lib/mno-hw-mul\libsmallc.a(lib_a-memset.o)
                              obj/default/lwip/apps/http/http_client.o (memset)
d:/softwares/intelfpga_lite/18.1/nios2eds/bin/gnu/h-x86_64-mingw32/bin/../lib/gcc/nios2-elf/5.3.0/../../../../../H-x86_64-mingw32/nios2-elf/lib/mno-hw-mul\libsmallc.a(lib_a-printf.o)
                              obj/default/lwip/apps/http/http_client.o (printf)
d:/softwares/intelfpga_lite/18.1/nios2eds/bin/gnu/h-x86_64-mingw32/bin/../lib/gcc/nios2-elf/5.3.0/../../../../../H-x86_64-mingw32/nios2-elf/lib/mno-hw-mul\libsmallc.a(lib_a-signal.o)
                              d:/softwares/intelfpga_lite/18.1/nios2eds/bin/gnu/h-x86_64-mingw32/bin/../lib/gcc/nios2-elf/5.3.0/../../../../../H-x86_64-mingw32/nios2-elf/lib/mno-hw-mul\libsmallc.a(lib_a-abort.o) (raise)
d:/softwares/intelfpga_lite/18.1/nios2eds/bin/gnu/h-x86_64-mingw32/bin/../lib/gcc/nios2-elf/5.3.0/../../../../../H-x86_64-mingw32/nios2-elf/lib/mno-hw-mul\libsmallc.a(lib_a-signalr.o)
                              d:/softwares/intelfpga_lite/18.1/nios2eds/bin/gnu/h-x86_64-mingw32/bin/../lib/gcc/nios2-elf/5.3.0/../../../../../H-x86_64-mingw32/nios2-elf/lib/mno-hw-mul\libsmallc.a(lib_a-signal.o) (_kill_r)
d:/softwares/intelfpga_lite/18.1/nios2eds/bin/gnu/h-x86_64-mingw32/bin/../lib/gcc/nios2-elf/5.3.0/../../../../../H-x86_64-mingw32/nios2-elf/lib/mno-hw-mul\libsmallc.a(lib_a-snprintf.o)
                              obj/default/gamelogic.o (snprintf)
d:/softwares/intelfpga_lite/18.1/nios2eds/bin/gnu/h-x86_64-mingw32/bin/../lib/gcc/nios2-elf/5.3.0/../../../../../H-x86_64-mingw32/nios2-elf/lib/mno-hw-mul\libsmallc.a(lib_a-strcmp.o)
                              obj/default/lwip/core/dns.o (strcmp)
d:/softwares/intelfpga_lite/18.1/nios2eds/bin/gnu/h-x86_64-mingw32/bin/../lib/gcc/nios2-elf/5.3.0/../../../../../H-x86_64-mingw32/nios2-elf/lib/mno-hw-mul\libsmallc.a(lib_a-strlen.o)
                              obj/default/lwip/core/def.o (strlen)
d:/softwares/intelfpga_lite/18.1/nios2eds/bin/gnu/h-x86_64-mingw32/bin/../lib/gcc/nios2-elf/5.3.0/../../../../../H-x86_64-mingw32/nios2-elf/lib/mno-hw-mul\libsmallc.a(lib_a-strncmp.o)
                              obj/default/lwip/core/def.o (strncmp)
[...]
Memory Configuration

Name             Origin             Length             Attributes
vga_sprite_7     0x0000000000000000 0x0000000000001000
vga_sprite_6     0x0000000000001000 0x0000000000001000
vga_sprite_5     0x0000000000002000 0x0000000000001000
vga_sprite_4     0x0000000000003000 0x0000000000001000
vga_sprite_3     0x0000000000004000 0x0000000000001000
vga_sprite_2     0x0000000000005000 0x0000000000001000
vga_sprite_1     0x0000000000006000 0x0000000000001000
vga_sprite_0     0x0000000000007000 0x0000000000001000
usb_keycode      0x0000000000009000 0x0000000000000400
reset            0x0000000000040000 0x0000000000000020
nios2_onchip_mem 0x0000000000040020 0x000000000003ffe0
sdram            0x0000000008000000 0x0000000008000000
*default*        0x0000000000000000 0xffffffffffffffff

Linker script and memory map

LOAD ../ECE385_bsp//obj/HAL/src/crt0.o
LOAD obj/default/audio.o
LOAD obj/default/comm.o
LOAD obj/default/ethernet.o
LOAD obj/default/gamelogic.o
LOAD obj/default/httpc.o
LOAD obj/default/lwip/apps/http/http_client.o
LOAD obj/default/lwip/core/altcp.o
LOAD obj/default/lwip/core/altcp_alloc.o
LOAD obj/default/lwip/core/altcp_tcp.o
LOAD obj/default/lwip/core/def.o
LOAD obj/default/lwip/core/dns.o
LOAD obj/default/lwip/core/inet_chksum.o
LOAD obj/default/lwip/core/init.o
LOAD obj/default/lwip/core/ip.o
LOAD obj/default/lwip/core/ipv4/autoip.o
LOAD obj/default/lwip/core/ipv4/dhcp.o
LOAD obj/default/lwip/core/ipv4/etharp.o
LOAD obj/default/lwip/core/ipv4/icmp.o
LOAD obj/default/lwip/core/ipv4/igmp.o
LOAD obj/default/lwip/core/ipv4/ip4.o
LOAD obj/default/lwip/core/ipv4/ip4_addr.o
LOAD obj/default/lwip/core/ipv4/ip4_frag.o
LOAD obj/default/lwip/core/ipv6/dhcp6.o
LOAD obj/default/lwip/core/ipv6/ethip6.o
LOAD obj/default/lwip/core/ipv6/icmp6.o
LOAD obj/default/lwip/core/ipv6/inet6.o
LOAD obj/default/lwip/core/ipv6/ip6.o
LOAD obj/default/lwip/core/ipv6/ip6_addr.o
LOAD obj/default/lwip/core/ipv6/ip6_frag.o
LOAD obj/default/lwip/core/ipv6/mld6.o
LOAD obj/default/lwip/core/ipv6/nd6.o
LOAD obj/default/lwip/core/mem.o
LOAD obj/default/lwip/core/memp.o
LOAD obj/default/lwip/core/netif.o
LOAD obj/default/lwip/core/pbuf.o
LOAD obj/default/lwip/core/raw.o
LOAD obj/default/lwip/core/stats.o
LOAD obj/default/lwip/core/sys.o
LOAD obj/default/lwip/core/tcp.o
LOAD obj/default/lwip/core/tcp_in.o
LOAD obj/default/lwip/core/tcp_out.o
LOAD obj/default/lwip/core/timeouts.o
LOAD obj/default/lwip/core/udp.o
LOAD obj/default/lwip/netif/ethernet.o
LOAD obj/default/lwip_port/compat.o
LOAD obj/default/main.o
LOAD obj/default/main_menu.o
LOAD obj/default/memcpy_dma.o
LOAD obj/default/resources/chinese.o
LOAD obj/default/resources/main_menu_bg.o
LOAD obj/default/resources/music.o
LOAD obj/default/resources/plane_player.o
LOAD obj/default/resources/resource.o
LOAD obj/default/resources/scoreboard_bg.o
LOAD obj/default/resources/sound_explosion.o
LOAD obj/default/resources/sound_hit.o
LOAD obj/default/resources/vga_fonts.o
LOAD obj/default/rng.o
LOAD obj/default/scoreboard.o
LOAD obj/default/sprites.o
LOAD obj/default/vga.o
LOAD d:/softwares/intelfpga_lite/18.1/nios2eds/bin/gnu/h-x86_64-mingw32/bin/../lib/gcc/nios2-elf/5.3.0/../../../../../H-x86_64-mingw32/nios2-elf/lib/mno-hw-mul\libstdc++.a
LOAD d:/softwares/intelfpga_lite/18.1/nios2eds/bin/gnu/h-x86_64-mingw32/bin/../lib/gcc/nios2-elf/5.3.0/../../../../../H-x86_64-mingw32/nios2-elf/lib/mno-hw-mul\libm.a
LOAD d:/softwares/intelfpga_lite/18.1/nios2eds/bin/gnu/h-x86_64-mingw32/bin/../lib/gcc/nios2-elf/5.3.0/mno-hw-mul\libgcc.a
START GROUP
LOAD d:/softwares/intelfpga_lite/18.1/nios2eds/bin/gnu/h-x86_64-mingw32/bin/../lib/gcc/nios2-elf/5.3.0/../../../../../H-x86_64-mingw32/nios2-elf/lib/mno-hw-mul\libsmallc.a
LOAD d:/softwares/intelfpga_lite/18.1/nios2eds/bin/gnu/h-x86_64-mingw32/bin/../lib/gcc/nios2-elf/5.3.0/mno-hw-mul\libgcc.a
LOAD ../ECE385_bsp/\libhal_bsp.a
LOAD d:/softwares/intelfpga_lite/18.1/nios2eds/bin/gnu/h-x86_64-mingw32/bin/../lib/gcc/nios2-elf/5.3.0/../../../../../H-x86_64-mingw32/nios2-elf/lib/mno-hw-mul\libm.a
END GROUP
LOAD d:/softwares/intelfpga_lite/18.1/nios2eds/bin/gnu/h-x86_64-mingw32/bin/../lib/gcc/nios2-elf/5.3.0/mno-hw-mul\libgcc.a
                0x0000000000000000                __alt_mem_vga_sprite_7 = 0x0
                0x0000000000001000                __alt_mem_vga_sprite_6 = 0x1000
                0x0000000000002000                __alt_mem_vga_sprite_5 = 0x2000
                0x0000000000003000                __alt_mem_vga_sprite_4 = 0x3000
                0x0000000000004000                __alt_mem_vga_sprite_3 = 0x4000
                0x0000000000005000                __alt_mem_vga_sprite_2 = 0x5000
                0x0000000000006000                __alt_mem_vga_sprite_1 = 0x6000
                0x0000000000007000                __alt_mem_vga_sprite_0 = 0x7000
                0x0000000000009000                __alt_mem_usb_keycode = 0x9000
                0x0000000000040000                __alt_mem_nios2_onchip_mem = 0x40000
                0x0000000008000000                __alt_mem_sdram = 0x8000000

.entry          0x0000000000040000       0x20
 *(.entry)
 .entry         0x0000000000040000       0x20 ../ECE385_bsp//obj/HAL/src/crt0.o
                0x0000000000040000                __reset

.exceptions     0x0000000000040020      0x164
                0x0000000000040020                PROVIDE (__ram_exceptions_start, ABSOLUTE (.))
                0x0000000000040020                . = ALIGN (0x20)
 *(.irq)
 *(.exceptions.entry.label)
 .exceptions.entry.label
                0x0000000000040020        0x0 ../ECE385_bsp/\libhal_bsp.a(alt_irq_entry.o)
                0x0000000000040020                alt_irq_entry
 .exceptions.entry.label
                0x0000000000040020        0x0 ../ECE385_bsp/\libhal_bsp.a(alt_exception_entry.o)
                0x0000000000040020                alt_exception
 *(.exceptions.entry.user)
 *(.exceptions.entry.ecc_fatal)
 *(.exceptions.entry)
 .exceptions.entry
                0x0000000000040020       0x54 ../ECE385_bsp/\libhal_bsp.a(alt_exception_entry.o)
 *(.exceptions.irqtest.user)
 *(.exceptions.irqtest)
 .exceptions.irqtest
                0x0000000000040074       0x10 ../ECE385_bsp/\libhal_bsp.a(alt_irq_entry.o)
 *(.exceptions.irqhandler.user)
 *(.exceptions.irqhandler)
 .exceptions.irqhandler
                0x0000000000040084        0x4 ../ECE385_bsp/\libhal_bsp.a(alt_irq_entry.o)
 *(.exceptions.irqreturn.user)
 *(.exceptions.irqreturn)
 .exceptions.irqreturn
                0x0000000000040088        0x4 ../ECE385_bsp/\libhal_bsp.a(alt_irq_entry.o)
 *(.exceptions.notirq.label)
 .exceptions.notirq.label
                0x000000000004008c        0x0 ../ECE385_bsp/\libhal_bsp.a(alt_irq_entry.o)
 *(.exceptions.notirq.user)
 *(.exceptions.notirq)
 .exceptions.notirq
                0x000000000004008c        0x8 ../ECE385_bsp/\libhal_bsp.a(alt_exception_entry.o)
 *(.exceptions.soft.user)
 *(.exceptions.soft)
 *(.exceptions.unknown.user)
 *(.exceptions.unknown)
 .exceptions.unknown
                0x0000000000040094       0x14 ../ECE385_bsp/\libhal_bsp.a(alt_exception_entry.o)
 *(.exceptions.exit.label)
 .exceptions.exit.label
                0x00000000000400a8        0x0 ../ECE385_bsp/\libhal_bsp.a(alt_irq_entry.o)
 .exceptions.exit.label
                0x00000000000400a8        0x0 ../ECE385_bsp/\libhal_bsp.a(alt_exception_entry.o)
 *(.exceptions.exit.user)
 *(.exceptions.exit)
 .exceptions.exit
                0x00000000000400a8       0x54 ../ECE385_bsp/\libhal_bsp.a(alt_exception_entry.o)
 *(.exceptions)
 .exceptions    0x00000000000400fc       0x64 ../ECE385_bsp/\libhal_bsp.a(alt_irq_handler.o)
                0x00000000000400fc                alt_irq_handler
 .exceptions    0x0000000000040160       0x24 ../ECE385_bsp/\libhal_bsp.a(alt_instruction_exception_entry.o)
                0x0000000000040160                alt_instruction_exception_entry
                0x0000000000040184                PROVIDE (__ram_exceptions_end, ABSOLUTE (.))
                0x0000000000040020                PROVIDE (__flash_exceptions_start, LOADADDR (.exceptions))

.resources      0x0000000008000000   0x81912c
                [!provide]                        PROVIDE (_alt_partition_resources_start, ABSOLUTE (.))
 *(.resources .resources.*)
 .resources     0x0000000008000000     0x1010 obj/default/main.o
                0x0000000008000000                http_score_upload
 .resources     0x0000000008001010    0xa34a0 obj/default/resources/chinese.o
                0x0000000008001010                chinese_font
 .resources     0x00000000080a44b0    0x96000 obj/default/resources/main_menu_bg.o
                0x00000000080a44b0                main_menu_bg
 .resources     0x000000000813a4b0   0x4ce792 obj/default/resources/music.o
                0x000000000813a4b0                music_data
 .resources     0x0000000008608c42     0x2400 obj/default/resources/plane_player.o
                0x0000000008608c42                plane_player2
                0x0000000008609842                plane_player1
                0x000000000860a442                plane_player0
 .resources     0x000000000860b042   0x16e900 obj/default/resources/resource.o
                0x000000000860b042                background
                0x000000000876a942                explosion20
                0x000000000876b142                explosion19
                0x000000000876b942                explosion18
                0x000000000876c142                explosion17
                0x000000000876c942                explosion16
                0x000000000876d142                explosion15
                0x000000000876d942                explosion14
                0x000000000876e142                explosion13
                0x000000000876e942                explosion12
                0x000000000876f142                explosion11
                0x000000000876f942                explosion10
                0x0000000008770142                explosion9
                0x0000000008770942                explosion8
                0x0000000008771142                explosion7
                0x0000000008771942                explosion6
                0x0000000008772142                explosion5
                0x0000000008772942                explosion4
                0x0000000008773142                explosion3
                0x0000000008773942                explosion2
                0x0000000008774142                explosion1
                0x0000000008774942                explosion0
                0x0000000008775142                enemy5
                0x0000000008775d42                enemy4
                0x0000000008776942                enemy3
                0x0000000008777542                enemy2
                0x0000000008778142                enemy1
                0x0000000008778d42                enemy0
 .resources     0x0000000008779942    0x96000 obj/default/resources/scoreboard_bg.o
                0x0000000008779942                scoreboard_bg
 .resources     0x000000000880f942     0x3e80 obj/default/resources/sound_explosion.o
                0x000000000880f942                explosion_data
 .resources     0x00000000088137c2     0x395a obj/default/resources/sound_hit.o
                0x00000000088137c2                sound_hit_data
 .resources     0x000000000881711c     0x1000 obj/default/resources/vga_fonts.o
                0x000000000881711c                font_data
 .resources     0x000000000881811c     0x1010 obj/default/scoreboard.o
                0x000000000881811c                scoreboard_request
                0x000000000881912c                . = ALIGN (0x4)
                [!provide]                        PROVIDE (_alt_partition_resources_end, ABSOLUTE (.))

.onchip         0x0000000000040184     0x10c0
                [!provide]                        PROVIDE (_alt_partition_onchip_start, ABSOLUTE (.))
 *(.onchip .onchip.*)
 .onchip        0x0000000000040184     0x1080 obj/default/ethernet.o
                0x0000000000040184                eth0_rx_frame
                0x0000000000040984                tx_frame
                0x0000000000041184                eth0_rx_descriptor_end
                0x00000000000411a4                eth0_rx_descriptor
                0x00000000000411c4                eth0_tx_descriptor_end
                0x00000000000411e4                eth0_tx_descriptor
 .onchip        0x0000000000041204       0x40 obj/default/memcpy_dma.o
                0x0000000000041204                dma_descriptor_end
                0x0000000000041224                dma_descriptor
                0x0000000000041244                . = ALIGN (0x4)
                [!provide]                        PROVIDE (_alt_partition_onchip_end, ABSOLUTE (.))

.text           0x0000000000041244    0x257f4
                [!provide]                        PROVIDE (stext, ABSOLUTE (.))
 *(.interp)
 *(.hash)
 *(.dynsym)
 *(.dynstr)
 *(.gnu.version)
 *(.gnu.version_d)
 *(.gnu.version_r)
 *(.rel.init)
 *(.rela.init)
 *(.rel.text .rel.text.* .rel.gnu.linkonce.t.*)
 *(.rela.text .rela.text.* .rela.gnu.linkonce.t.*)
 *(.rel.fini)
 *(.rela.fini)
 *(.rel.rodata .rel.rodata.* .rel.gnu.linkonce.r.*)
 *(.rela.rodata .rela.rodata.* .rela.gnu.linkonce.r.*)
 *(.rel.data .rel.data.* .rel.gnu.linkonce.d.*)
 *(.rela.data .rela.data.* .rela.gnu.linkonce.d.*)
 *(.rel.tdata .rel.tdata.* .rel.gnu.linkonce.td.*)
 *(.rela.tdata .rela.tdata.* .rela.gnu.linkonce.td.*)
 *(.rel.tbss .rel.tbss.* .rel.gnu.linkonce.tb.*)
 *(.rela.tbss .rela.tbss.* .rela.gnu.linkonce.tb.*)
 *(.rel.ctors)
 *(.rela.ctors)
 *(.rel.dtors)
 *(.rela.dtors)
 *(.rel.got)
 *(.rela.got)
 *(.rel.sdata .rel.sdata.* .rel.gnu.linkonce.s.*)
 *(.rela.sdata .rela.sdata.* .rela.gnu.linkonce.s.*)
 *(.rel.sbss .rel.sbss.* .rel.gnu.linkonce.sb.*)
 *(.rela.sbss .rela.sbss.* .rela.gnu.linkonce.sb.*)
 *(.rel.sdata2 .rel.sdata2.* .rel.gnu.linkonce.s2.*)
 *(.rela.sdata2 .rela.sdata2.* .rela.gnu.linkonce.s2.*)
 *(.rel.sbss2 .rel.sbss2.* .rel.gnu.linkonce.sb2.*)
 *(.rela.sbss2 .rela.sbss2.* .rela.gnu.linkonce.sb2.*)
 *(.rel.bss .rel.bss.* .rel.gnu.linkonce.b.*)
 *(.rela.bss .rela.bss.* .rela.gnu.linkonce.b.*)
 *(.rel.plt)
 *(.rela.plt)
 *(.rel.dyn)
 *(.init)
 *(.plt)
 *(.text .stub .text.* .gnu.linkonce.t.*)
 .text          0x0000000000041244       0x3c ../ECE385_bsp//obj/HAL/src/crt0.o
                0x0000000000041244                _start
 .text          0x0000000000041280       0xf4 obj/default/audio.o
                0x0000000000041280                audio_interrupt
                0x0000000000041330                audio_init
 .text          0x0000000000041374        0x0 obj/default/comm.o
 .text          0x0000000000041374      0x3a8 obj/default/ethernet.o
                0x0000000000041374                eth0_tx
                0x0000000000041404                eth_init
                0x00000000000414a0                eth_ip_reverse
                0x00000000000414c8                eth0_rx_start
                0x0000000000041514                eth_loop
                0x0000000000041600                eth0_init
                0x00000000000416e8                eth0_ip
 .text          0x000000000004171c      0xe70 obj/default/gamelogic.o
                0x0000000000041ad4                game_init
                0x0000000000041c84                handle_player_plane_keyboard
                0x000000000004207c                handle_enemy_planes_spawn
                0x0000000000042090                handle_enemy_planes_firing
                0x00000000000422e0                game_loop
                0x00000000000424e4                game_over
 .text          0x000000000004258c      0x1ec obj/default/httpc.o
                0x000000000004258c                httpc_request_finish
                0x00000000000425bc                httpc_callback
                0x000000000004263c                httpc_send_request
                0x0000000000042714                httpc_processing
                0x000000000004276c                httpc_success
 .text          0x0000000000042778      0xc90 obj/default/lwip/apps/http/http_client.o
                0x0000000000043160                httpc_get_file
                0x0000000000043294                httpc_get_file_dns
 .text          0x0000000000043408        0x0 obj/default/lwip/core/altcp.o
 .text          0x0000000000043408        0x0 obj/default/lwip/core/altcp_alloc.o
 .text          0x0000000000043408        0x0 obj/default/lwip/core/altcp_tcp.o
 .text          0x0000000000043408      0x2e8 obj/default/lwip/core/def.o
                0x0000000000043408                lwip_htons
                0x000000000004341c                lwip_htonl
                0x0000000000043444                lwip_strnstr
                0x00000000000434ec                lwip_stricmp
                0x000000000004355c                lwip_strnicmp
                0x00000000000435e0                lwip_itoa
 .text          0x00000000000436f0     0x16ac obj/default/lwip/core/dns.o
                0x00000000000446f0                dns_init
                0x00000000000446f4                dns_setserver
                0x00000000000447a8                dns_getserver
                0x00000000000447e8                dns_tmr
                0x0000000000044818                dns_gethostbyname_addrtype
                0x0000000000044d7c                dns_gethostbyname
 .text.unlikely
                0x0000000000044d9c       0xcc obj/default/lwip/core/dns.o
 .text          0x0000000000044e68      0x608 obj/default/lwip/core/inet_chksum.o
                0x0000000000044e68                lwip_standard_chksum
                0x00000000000451a0                inet_chksum_pseudo
                0x00000000000451ec                ip6_chksum_pseudo
                0x0000000000045250                ip_chksum_pseudo
                0x0000000000045290                inet_chksum_pseudo_partial
                0x00000000000452e8                ip6_chksum_pseudo_partial
                0x0000000000045358                ip_chksum_pseudo_partial
                0x00000000000453a0                inet_chksum
                0x00000000000453c0                inet_chksum_pbuf
 .text          0x0000000000045470       0x30 obj/default/lwip/core/init.o
                0x0000000000045470                lwip_init
 .text          0x00000000000454a0       0xc4 obj/default/lwip/core/ip.o
                0x00000000000454a0                ipaddr_ntoa
                0x00000000000454c0                ipaddr_ntoa_r
                0x00000000000454e0                ipaddr_aton
                0x000000000004553c                ip_input
 .text          0x0000000000045564        0x0 obj/default/lwip/core/ipv4/autoip.o
 .text          0x0000000000045564     0x2968 obj/default/lwip/core/ipv4/dhcp.o
                0x00000000000470d4                dhcp_set_struct
                0x00000000000471a8                dhcp_cleanup
                0x0000000000047208                dhcp_inform
                0x000000000004736c                dhcp_network_changed
                0x00000000000473e4                dhcp_arp_reply
                0x0000000000047564                dhcp_renew
                0x0000000000047750                dhcp_release_and_stop
                0x0000000000047948                dhcp_start
                0x0000000000047a9c                dhcp_coarse_tmr
                0x0000000000047d64                dhcp_fine_tmr
                0x0000000000047e70                dhcp_release
                0x0000000000047e8c                dhcp_stop
                0x0000000000047e90                dhcp_supplied_address
 .text.unlikely
                0x0000000000047ecc      0x1f0 obj/default/lwip/core/ipv4/dhcp.o
 .text          0x00000000000480bc     0x13dc obj/default/lwip/core/ipv4/etharp.o
                0x0000000000048814                etharp_tmr
                0x0000000000048934                etharp_cleanup_netif
                0x00000000000489c4                etharp_find_addr
                0x0000000000048aa4                etharp_get_entry
                0x0000000000048be8                etharp_input
                0x0000000000048ef4                etharp_query
                0x0000000000049230                etharp_output
                0x000000000004945c                etharp_request
 .text          0x0000000000049498      0x45c obj/default/lwip/core/ipv4/icmp.o
                0x00000000000495f8                icmp_input
                0x00000000000498dc                icmp_dest_unreach
                0x00000000000498e8                icmp_time_exceeded
 .text          0x00000000000498f4      0xba4 obj/default/lwip/core/ipv4/igmp.o
                0x0000000000049c4c                igmp_init
                0x0000000000049c68                igmp_start
                0x0000000000049ce4                igmp_stop
                0x0000000000049d54                igmp_report_groups
                0x0000000000049d94                igmp_lookfor_group
                0x0000000000049dcc                igmp_input
                0x0000000000049f6c                igmp_joingroup_netif
                0x000000000004a0d0                igmp_joingroup
                0x000000000004a190                igmp_leavegroup_netif
                0x000000000004a334                igmp_leavegroup
                0x000000000004a3f4                igmp_tmr
 .text          0x000000000004a498      0x94c obj/default/lwip/core/ipv4/ip4.o
                0x000000000004a498                ip4_set_default_multicast_netif
                0x000000000004a49c                ip4_route
                0x000000000004a4d4                ip4_input
                0x000000000004a8a0                ip4_output_if_opt_src
                0x000000000004ac54                ip4_output_if_opt
                0x000000000004aca4                ip4_output_if
                0x000000000004acfc                ip4_output_if_src
                0x000000000004ad38                ip4_output
 .text          0x000000000004ade4      0x534 obj/default/lwip/core/ipv4/ip4_addr.o
                0x000000000004ade4                ip4_addr_isbroadcast_u32
                0x000000000004ae34                ip4_addr_netmask_valid
                0x000000000004ae94                ip4addr_aton
                0x000000000004b180                ipaddr_addr
                0x000000000004b1b4                ip4addr_ntoa_r
                0x000000000004b308                ip4addr_ntoa
 .text          0x000000000004b318     0x1084 obj/default/lwip/core/ipv4/ip4_frag.o
                0x000000000004b74c                ip_reass_tmr
                0x000000000004b7b4                ip4_reass
                0x000000000004bfe8                ip4_frag
 .text.unlikely
                0x000000000004c39c       0x34 obj/default/lwip/core/ipv4/ip4_frag.o
 .text          0x000000000004c3d0        0x0 obj/default/lwip/core/ipv6/dhcp6.o
 .text          0x000000000004c3d0       0xf0 obj/default/lwip/core/ipv6/ethip6.o
                0x000000000004c3d0                ethip6_output
 .text          0x000000000004c4c0      0x564 obj/default/lwip/core/ipv6/icmp6.o
                0x000000000004c718                icmp6_input
                0x000000000004c904                icmp6_dest_unreach
                0x000000000004c914                icmp6_packet_too_big
                0x000000000004c924                icmp6_time_exceeded
                0x000000000004c934                icmp6_time_exceeded_with_addrs
                0x000000000004ca08                icmp6_param_problem
 .text          0x000000000004ca24        0x0 obj/default/lwip/core/ipv6/inet6.o
 .text          0x000000000004ca24     0x1060 obj/default/lwip/core/ipv6/ip6.o
                0x000000000004ca24                ip6_route
                0x000000000004ca48                ip6_select_source_address
                0x000000000004ccb0                ip6_input
                0x000000000004d470                ip6_output_if_src
                0x000000000004d87c                ip6_output_if
                0x000000000004d968                ip6_output
                0x000000000004da00                ip6_options_add_hbh_ra
 .text          0x000000000004da84      0x608 obj/default/lwip/core/ipv6/ip6_addr.o
                0x000000000004da84                ip6addr_aton
                0x000000000004dd94                ip6addr_ntoa_r
                0x000000000004e07c                ip6addr_ntoa
 .text          0x000000000004e08c      0xfe0 obj/default/lwip/core/ipv6/ip6_frag.o
                0x000000000004e40c                ip6_reass_tmr
                0x000000000004e460                ip6_reass
                0x000000000004ed34                ip6_frag
 .text.unlikely
                0x000000000004f06c       0x34 obj/default/lwip/core/ipv6/ip6_frag.o
 .text          0x000000000004f0a0      0xa50 obj/default/lwip/core/ipv6/mld6.o
                0x000000000004f35c                mld6_stop
                0x000000000004f3cc                mld6_report_groups
                0x000000000004f404                mld6_lookfor_group
                0x000000000004f458                mld6_input
                0x000000000004f6d0                mld6_joingroup_netif
                0x000000000004f800                mld6_joingroup
                0x000000000004f894                mld6_leavegroup_netif
                0x000000000004f9cc                mld6_leavegroup
                0x000000000004fa60                mld6_tmr
 .text          0x000000000004faf0     0x3808 obj/default/lwip/core/ipv6/nd6.o
                0x0000000000050934                nd6_input
                0x0000000000051fa4                nd6_tmr
                0x0000000000052440                nd6_clear_destination_cache
                0x0000000000052480                nd6_find_route
                0x0000000000052558                nd6_get_next_hop_addr_or_queue
                0x0000000000052d64                nd6_get_destination_mtu
                0x0000000000052e24                nd6_reachability_hint
                0x00000000000530b0                nd6_cleanup_netif
                0x00000000000531d0                nd6_adjust_mld_membership
                0x00000000000532ec                nd6_restart_netif
 .text.unlikely
                0x00000000000532f8       0xa0 obj/default/lwip/core/ipv6/nd6.o
 .text          0x0000000000053398      0x66c obj/default/lwip/core/mem.o
                0x0000000000053398                mem_init
                0x00000000000533dc                mem_free
                0x00000000000535d4                mem_trim
                0x00000000000537b4                mem_malloc
                0x000000000005399c                mem_calloc
 .text          0x0000000000053a04      0x2a0 obj/default/lwip/core/memp.o
                0x0000000000053a04                memp_init_pool
                0x0000000000053a4c                memp_init
                0x0000000000053ac4                memp_malloc_pool
                0x0000000000053b38                memp_malloc
                0x0000000000053bc0                memp_free_pool
                0x0000000000053c24                memp_free
 .text.unlikely
                0x0000000000053ca4       0x68 obj/default/lwip/core/memp.o
 .text          0x0000000000053d0c     0x17c0 obj/default/lwip/core/netif.o
                0x0000000000053fa0                netif_input
                0x000000000005402c                netif_set_ipaddr
                0x0000000000054088                netif_set_netmask
                0x00000000000540f4                netif_set_gw
                0x0000000000054160                netif_set_addr
                0x0000000000054258                netif_add
                0x00000000000544e8                netif_add_noaddr
                0x0000000000054518                netif_set_default
                0x0000000000054520                netif_set_up
                0x00000000000545a0                netif_set_down
                0x0000000000054628                netif_remove
                0x0000000000054700                netif_set_link_up
                0x0000000000054788                netif_init
                0x0000000000054828                netif_set_link_down
                0x0000000000054878                netif_loop_output
                0x0000000000054a0c                netif_poll
                0x0000000000054bb0                netif_poll_all
                0x0000000000054bc0                netif_ip6_addr_set_parts
                0x0000000000054dc8                netif_ip6_addr_set
                0x0000000000054e64                netif_ip6_addr_set_state
                0x0000000000054fb8                netif_get_ip6_addr_match
                0x00000000000550a8                netif_create_ip6_linklocal_address
                0x0000000000055208                netif_add_ip6_address
                0x0000000000055388                netif_index_to_name
                0x00000000000553f4                netif_get_by_index
                0x0000000000055420                netif_find
                0x0000000000055498                netif_name_to_index
 .text          0x00000000000554cc     0x1688 obj/default/lwip/core/pbuf.o
                0x0000000000055670                pbuf_free_ooseq
                0x0000000000055698                pbuf_alloc_reference
                0x0000000000055740                pbuf_alloced_custom
                0x00000000000557ac                pbuf_add_header
                0x00000000000557b4                pbuf_add_header_force
                0x00000000000557bc                pbuf_remove_header
                0x000000000005588c                pbuf_header
                0x00000000000558ac                pbuf_header_force
                0x00000000000558cc                pbuf_free
                0x0000000000055a4c                pbuf_alloc
                0x0000000000055cb8                pbuf_realloc
                0x0000000000055e00                pbuf_free_header
                0x0000000000055e98                pbuf_clen
                0x0000000000055eb4                pbuf_ref
                0x0000000000055edc                pbuf_cat
                0x0000000000055fa4                pbuf_chain
                0x0000000000055fe4                pbuf_dechain
                0x00000000000560cc                pbuf_copy
                0x00000000000562f0                pbuf_copy_partial
                0x0000000000056428                pbuf_get_contiguous
                0x0000000000056538                pbuf_skip
                0x0000000000056580                pbuf_take
                0x0000000000056704                pbuf_take_at
                0x0000000000056818                pbuf_clone
                0x00000000000568a8                pbuf_coalesce
                0x0000000000056904                pbuf_get_at
                0x0000000000056958                pbuf_try_get_at
                0x00000000000569a8                pbuf_put_at
                0x00000000000569f4                pbuf_memcmp
                0x0000000000056a14                pbuf_memfind
                0x0000000000056acc                pbuf_strstr
 .text.unlikely
                0x0000000000056b54       0x34 obj/default/lwip/core/pbuf.o
 .text          0x0000000000056b88      0xb64 obj/default/lwip/core/raw.o
                0x0000000000056b88                raw_input
                0x0000000000056e34                raw_bind
                0x0000000000056e9c                raw_bind_netif
                0x0000000000056eb8                raw_connect
                0x0000000000056f28                raw_disconnect
                0x0000000000056fe4                raw_recv
                0x0000000000056ff0                raw_sendto_if_src
                0x0000000000057330                raw_sendto
                0x00000000000574ac                raw_send
                0x00000000000574b4                raw_remove
                0x0000000000057508                raw_new
                0x0000000000057570                raw_new_ip_type
                0x00000000000575a4                raw_netif_ip_addr_changed
 .text          0x00000000000576ec        0x0 obj/default/lwip/core/stats.o
 .text          0x00000000000576ec        0x0 obj/default/lwip/core/sys.o
 .text          0x00000000000576ec     0x2aec obj/default/lwip/core/tcp.o
                0x0000000000057770                tcp_init
                0x0000000000057794                tcp_free
                0x00000000000577e0                tcp_backlog_delayed
                0x0000000000057888                tcp_backlog_accepted
                0x0000000000057a34                tcp_bind
                0x0000000000057ce0                tcp_bind_netif
                0x0000000000057cfc                tcp_listen_with_backlog_and_err
                0x0000000000057f14                tcp_listen_with_backlog
                0x0000000000057f20                tcp_update_rcv_ann_wnd
                0x0000000000058010                tcp_recved
                0x0000000000058100                tcp_txnow
                0x000000000005814c                tcp_seg_free
                0x0000000000058188                tcp_segs_free
                0x00000000000581b8                tcp_setprio
                0x00000000000581f8                tcp_seg_copy
                0x000000000005827c                tcp_arg
                0x0000000000058288                tcp_recv
                0x00000000000582d4                tcp_sent
                0x0000000000058320                tcp_err
                0x000000000005836c                tcp_accept
                0x0000000000058384                tcp_poll
                0x0000000000058408                tcp_pcb_purge
                0x00000000000584e8                tcp_slowtmr
                0x0000000000058c58                tcp_pcb_remove
                0x00000000000590a0                tcp_close
                0x00000000000590f8                tcp_recv_null
                0x0000000000059184                tcp_process_refused_data
                0x00000000000592a4                tcp_fasttmr
                0x0000000000059384                tcp_tmr
                0x00000000000593bc                tcp_shutdown
                0x0000000000059490                tcp_abandon
                0x000000000005970c                tcp_abort
                0x00000000000598d8                tcp_alloc
                0x0000000000059af4                tcp_new
                0x0000000000059afc                tcp_new_ip_type
                0x0000000000059b30                tcp_next_iss
                0x0000000000059b54                tcp_eff_send_mss_netif
                0x0000000000059c2c                tcp_connect
                0x0000000000059f68                tcp_netif_ip_addr_changed
                0x000000000005a0e0                tcp_debug_state_str
                0x000000000005a0fc                tcp_tcp_get_tcp_addrinfo
                0x000000000005a194                tcp_free_ooseq
 .text.unlikely
                0x000000000005a1d8       0x34 obj/default/lwip/core/tcp.o
 .text          0x000000000005a20c     0x2c6c obj/default/lwip/core/tcp_in.o
                0x000000000005b8dc                tcp_input
                0x000000000005ce68                tcp_trigger_input_pcb_close
 .text          0x000000000005ce78     0x2928 obj/default/lwip/core/tcp_out.o
                0x000000000005d628                tcp_write
                0x000000000005e020                tcp_split_unsent_seg
                0x000000000005e32c                tcp_enqueue_flags
                0x000000000005e570                tcp_send_fin
                0x000000000005e668                tcp_rexmit_rto_prepare
                0x000000000005e790                tcp_rexmit
                0x000000000005e8e4                tcp_rexmit_fast
                0x000000000005e9cc                tcp_rst
                0x000000000005eb08                tcp_send_empty_ack
                0x000000000005ebe0                tcp_output
                0x000000000005f408                tcp_rexmit_rto_commit
                0x000000000005f45c                tcp_rexmit_rto
                0x000000000005f4d4                tcp_keepalive
                0x000000000005f580                tcp_zero_window_probe
 .text          0x000000000005f7a0      0x418 obj/default/lwip/core/timeouts.o
                0x000000000005f920                tcp_timer_needed
                0x000000000005f974                sys_timeout
                0x000000000005f9e4                sys_timeouts_init
                0x000000000005fa38                sys_untimeout
                0x000000000005fa8c                sys_check_timeouts
                0x000000000005fb28                sys_restart_timeouts
                0x000000000005fb70                sys_timeouts_sleeptime
 .text          0x000000000005fbb8     0x15e4 obj/default/lwip/core/udp.o
                0x000000000005fbb8                udp_init
                0x000000000005fbdc                udp_input
                0x0000000000060168                udp_bind
                0x00000000000603d4                udp_sendto_if_src
                0x0000000000060854                udp_sendto_if
                0x0000000000060a50                udp_sendto
                0x0000000000060c1c                udp_send
                0x0000000000060cb4                udp_bind_netif
                0x0000000000060cd0                udp_connect
                0x0000000000060e20                udp_disconnect
                0x0000000000060f08                udp_recv
                0x0000000000060f4c                udp_remove
                0x0000000000060fd8                udp_new
                0x0000000000061024                udp_new_ip_type
                0x0000000000061054                udp_netif_ip_addr_changed
 .text          0x000000000006119c      0x2cc obj/default/lwip/netif/ethernet.o
                0x000000000006119c                ethernet_input
                0x000000000006131c                ethernet_output
 .text          0x0000000000061468        0xc obj/default/lwip_port/compat.o
                0x0000000000061468                sys_now
                0x000000000006146c                fflush
 .text          0x0000000000061474       0xf0 obj/default/main.o
                0x0000000000061474                enter_pressed
                0x00000000000614b0                r_pressed
                0x00000000000614ec                esc_pressed
                0x0000000000061528                p_pressed
 .text.startup  0x0000000000061564      0x318 obj/default/main.o
                0x0000000000061564                main
 .text          0x000000000006187c      0x268 obj/default/main_menu.o
                0x000000000006187c                main_menu_init
                0x000000000006198c                main_menu_select_option
                0x00000000000619e0                main_menu_loop
 .text          0x0000000000061ae4      0x17c obj/default/memcpy_dma.o
                0x0000000000061ae4                memcpy_dma
                0x0000000000061b84                memset_dma
                0x0000000000061c20                memset32_dma
                0x0000000000061c28                memset16_dma
                0x0000000000061c3c                memset8_dma
 .text          0x0000000000061c60        0x0 obj/default/resources/chinese.o
 .text          0x0000000000061c60        0x0 obj/default/resources/main_menu_bg.o
 .text          0x0000000000061c60        0x0 obj/default/resources/music.o
 .text          0x0000000000061c60        0x0 obj/default/resources/plane_player.o
 .text          0x0000000000061c60        0x0 obj/default/resources/resource.o
 .text          0x0000000000061c60        0x0 obj/default/resources/scoreboard_bg.o
 .text          0x0000000000061c60        0x0 obj/default/resources/sound_explosion.o
 .text          0x0000000000061c60        0x0 obj/default/resources/sound_hit.o
 .text          0x0000000000061c60        0x0 obj/default/resources/vga_fonts.o
 .text          0x0000000000061c60       0x38 obj/default/rng.o
                0x0000000000061c60                rng_generate
 .text          0x0000000000061c98      0x1dc obj/default/scoreboard.o
                0x0000000000061c98                scoreboard_sendrequest
                0x0000000000061ce8                scoreboard_init
                0x0000000000061d54                scoreboard_loop
 .text          0x0000000000061e74      0xfa8 obj/default/sprites.o
                0x00000000000620bc                sprites_init
                0x00000000000621a8                sprites_allocate
                0x00000000000622dc                sprites_get
                0x0000000000062334                sprites_deallocate
                0x000000000006234c                sprites_visible
                0x0000000000062364                sprites_load_data
                0x000000000006237c                sprites_limit_speed
                0x0000000000062578                sprites_tick
                0x0000000000062890                sprites_collision_detect
 .text          0x0000000000062e1c      0xa84 obj/default/vga.o
                0x0000000000062e1c                vga_erase
                0x0000000000062ea0                vga_fill
                0x0000000000062f34                vga_set
                0x0000000000062fd0                vga_scroll_init
                0x0000000000062fdc                vga_scroll
                0x00000000000630cc                utf8_to_code
                0x0000000000063140                utf8_len
                0x0000000000063188                vga_english
                0x0000000000063248                vga_english_transparent
                0x00000000000632f4                vga_chinese
                0x00000000000633ec                vga_chinese_transparent
                0x00000000000634d0                vga_string
                0x0000000000063630                vga_string_transparent
                0x0000000000063790                vga_statusbar_english
                0x00000000000637a0                vga_statusbar_chinese
                0x00000000000637b0                vga_statusbar_string
 .text          0x00000000000638a0      0x1b4 d:/softwares/intelfpga_lite/18.1/nios2eds/bin/gnu/h-x86_64-mingw32/bin/../lib/gcc/nios2-elf/5.3.0/mno-hw-mul\libgcc.a(lib2-divmod.o)
                0x00000000000638a0                __divsi3
                0x0000000000063924                __modsi3
                0x0000000000063998                __udivsi3
                0x00000000000639fc                __umodsi3
 .text          0x0000000000063a54       0x28 d:/softwares/intelfpga_lite/18.1/nios2eds/bin/gnu/h-x86_64-mingw32/bin/../lib/gcc/nios2-elf/5.3.0/mno-hw-mul\libgcc.a(lib2-mul.o)
                0x0000000000063a54                __mulsi3
 .text          0x0000000000063a7c        0x0 d:/softwares/intelfpga_lite/18.1/nios2eds/bin/gnu/h-x86_64-mingw32/bin/../lib/gcc/nios2-elf/5.3.0/../../../../../H-x86_64-mingw32/nios2-elf/lib/mno-hw-mul\libsmallc.a(lib_a-abort.o)
 .text.abort    0x0000000000063a7c       0x18 d:/softwares/intelfpga_lite/18.1/nios2eds/bin/gnu/h-x86_64-mingw32/bin/../lib/gcc/nios2-elf/5.3.0/../../../../../H-x86_64-mingw32/nios2-elf/lib/mno-hw-mul\libsmallc.a(lib_a-abort.o)
                0x0000000000063a7c                abort
 .text          0x0000000000063a94        0x0 d:/softwares/intelfpga_lite/18.1/nios2eds/bin/gnu/h-x86_64-mingw32/bin/../lib/gcc/nios2-elf/5.3.0/../../../../../H-x86_64-mingw32/nios2-elf/lib/mno-hw-mul\libsmallc.a(lib_a-atoi.o)
 .text.atoi     0x0000000000063a94        0xc d:/softwares/intelfpga_lite/18.1/nios2eds/bin/gnu/h-x86_64-mingw32/bin/../lib/gcc/nios2-elf/5.3.0/../../../../../H-x86_64-mingw32/nios2-elf/lib/mno-hw-mul\libsmallc.a(lib_a-atoi.o)
                0x0000000000063a94                atoi
 .text._atoi_r  0x0000000000063aa0        0xc d:/softwares/intelfpga_lite/18.1/nios2eds/bin/gnu/h-x86_64-mingw32/bin/../lib/gcc/nios2-elf/5.3.0/../../../../../H-x86_64-mingw32/nios2-elf/lib/mno-hw-mul\libsmallc.a(lib_a-atoi.o)
                0x0000000000063aa0                _atoi_r
 .text          0x0000000000063aac        0x0 d:/softwares/intelfpga_lite/18.1/nios2eds/bin/gnu/h-x86_64-mingw32/bin/../lib/gcc/nios2-elf/5.3.0/../../../../../H-x86_64-mingw32/nios2-elf/lib/mno-hw-mul\libsmallc.a(lib_a-clock.o)
 .text.clock    0x0000000000063aac       0x4c d:/softwares/intelfpga_lite/18.1/nios2eds/bin/gnu/h-x86_64-mingw32/bin/../lib/gcc/nios2-elf/5.3.0/../../../../../H-x86_64-mingw32/nios2-elf/lib/mno-hw-mul\libsmallc.a(lib_a-clock.o)
                0x0000000000063aac                clock
 .text          0x0000000000063af8        0x0 d:/softwares/intelfpga_lite/18.1/nios2eds/bin/gnu/h-x86_64-mingw32/bin/../lib/gcc/nios2-elf/5.3.0/../../../../../H-x86_64-mingw32/nios2-elf/lib/mno-hw-mul\libsmallc.a(lib_a-ctype_.o)
 .text          0x0000000000063af8        0x0 d:/softwares/intelfpga_lite/18.1/nios2eds/bin/gnu/h-x86_64-mingw32/bin/../lib/gcc/nios2-elf/5.3.0/../../../../../H-x86_64-mingw32/nios2-elf/lib/mno-hw-mul\libsmallc.a(lib_a-impure.o)
 .text          0x0000000000063af8        0x0 d:/softwares/intelfpga_lite/18.1/nios2eds/bin/gnu/h-x86_64-mingw32/bin/../lib/gcc/nios2-elf/5.3.0/../../../../../H-x86_64-mingw32/nios2-elf/lib/mno-hw-mul\libsmallc.a(lib_a-memcmp.o)
 .text.memcmp   0x0000000000063af8       0x30 d:/softwares/intelfpga_lite/18.1/nios2eds/bin/gnu/h-x86_64-mingw32/bin/../lib/gcc/nios2-elf/5.3.0/../../../../../H-x86_64-mingw32/nios2-elf/lib/mno-hw-mul\libsmallc.a(lib_a-memcmp.o)
                0x0000000000063af8                memcmp
 .text          0x0000000000063b28        0x0 d:/softwares/intelfpga_lite/18.1/nios2eds/bin/gnu/h-x86_64-mingw32/bin/../lib/gcc/nios2-elf/5.3.0/../../../../../H-x86_64-mingw32/nios2-elf/lib/mno-hw-mul\libsmallc.a(lib_a-memcpy.o)
 .text.memcpy   0x0000000000063b28       0x28 d:/softwares/intelfpga_lite/18.1/nios2eds/bin/gnu/h-x86_64-mingw32/bin/../lib/gcc/nios2-elf/5.3.0/../../../../../H-x86_64-mingw32/nios2-elf/lib/mno-hw-mul\libsmallc.a(lib_a-memcpy.o)
                0x0000000000063b28                memcpy
 .text          0x0000000000063b50        0x0 d:/softwares/intelfpga_lite/18.1/nios2eds/bin/gnu/h-x86_64-mingw32/bin/../lib/gcc/nios2-elf/5.3.0/../../../../../H-x86_64-mingw32/nios2-elf/lib/mno-hw-mul\libsmallc.a(lib_a-memmove.o)
 .text.memmove  0x0000000000063b50       0x60 d:/softwares/intelfpga_lite/18.1/nios2eds/bin/gnu/h-x86_64-mingw32/bin/../lib/gcc/nios2-elf/5.3.0/../../../../../H-x86_64-mingw32/nios2-elf/lib/mno-hw-mul\libsmallc.a(lib_a-memmove.o)
                0x0000000000063b50                memmove
 .text          0x0000000000063bb0        0x0 d:/softwares/intelfpga_lite/18.1/nios2eds/bin/gnu/h-x86_64-mingw32/bin/../lib/gcc/nios2-elf/5.3.0/../../../../../H-x86_64-mingw32/nios2-elf/lib/mno-hw-mul\libsmallc.a(lib_a-memset.o)
 .text.memset   0x0000000000063bb0       0x20 d:/softwares/intelfpga_lite/18.1/nios2eds/bin/gnu/h-x86_64-mingw32/bin/../lib/gcc/nios2-elf/5.3.0/../../../../../H-x86_64-mingw32/nios2-elf/lib/mno-hw-mul\libsmallc.a(lib_a-memset.o)
                0x0000000000063bb0                memset
 .text          0x0000000000063bd0        0x0 d:/softwares/intelfpga_lite/18.1/nios2eds/bin/gnu/h-x86_64-mingw32/bin/../lib/gcc/nios2-elf/5.3.0/../../../../../H-x86_64-mingw32/nios2-elf/lib/mno-hw-mul\libsmallc.a(lib_a-printf.o)
 .text._printf_r
                0x0000000000063bd0       0x3c d:/softwares/intelfpga_lite/18.1/nios2eds/bin/gnu/h-x86_64-mingw32/bin/../lib/gcc/nios2-elf/5.3.0/../../../../../H-x86_64-mingw32/nios2-elf/lib/mno-hw-mul\libsmallc.a(lib_a-printf.o)
                0x0000000000063bd0                _printf_r
 .text.printf   0x0000000000063c0c       0x4c d:/softwares/intelfpga_lite/18.1/nios2eds/bin/gnu/h-x86_64-mingw32/bin/../lib/gcc/nios2-elf/5.3.0/../../../../../H-x86_64-mingw32/nios2-elf/lib/mno-hw-mul\libsmallc.a(lib_a-printf.o)
                0x0000000000063c0c                printf
 .text          0x0000000000063c58        0x0 d:/softwares/intelfpga_lite/18.1/nios2eds/bin/gnu/h-x86_64-mingw32/bin/../lib/gcc/nios2-elf/5.3.0/../../../../../H-x86_64-mingw32/nios2-elf/lib/mno-hw-mul\libsmallc.a(lib_a-signal.o)
 .text._init_signal_r
                0x0000000000063c58       0x68 d:/softwares/intelfpga_lite/18.1/nios2eds/bin/gnu/h-x86_64-mingw32/bin/../lib/gcc/nios2-elf/5.3.0/../../../../../H-x86_64-mingw32/nios2-elf/lib/mno-hw-mul\libsmallc.a(lib_a-signal.o)
                0x0000000000063c58                _init_signal_r
 .text._signal_r
                0x0000000000063cc0       0x7c d:/softwares/intelfpga_lite/18.1/nios2eds/bin/gnu/h-x86_64-mingw32/bin/../lib/gcc/nios2-elf/5.3.0/../../../../../H-x86_64-mingw32/nios2-elf/lib/mno-hw-mul\libsmallc.a(lib_a-signal.o)
                0x0000000000063cc0                _signal_r
 .text._raise_r
                0x0000000000063d3c       0xb4 d:/softwares/intelfpga_lite/18.1/nios2eds/bin/gnu/h-x86_64-mingw32/bin/../lib/gcc/nios2-elf/5.3.0/../../../../../H-x86_64-mingw32/nios2-elf/lib/mno-hw-mul\libsmallc.a(lib_a-signal.o)
                0x0000000000063d3c                _raise_r
 .text.__sigtramp_r
                0x0000000000063df0       0xa8 d:/softwares/intelfpga_lite/18.1/nios2eds/bin/gnu/h-x86_64-mingw32/bin/../lib/gcc/nios2-elf/5.3.0/../../../../../H-x86_64-mingw32/nios2-elf/lib/mno-hw-mul\libsmallc.a(lib_a-signal.o)
                0x0000000000063df0                __sigtramp_r
 .text.raise    0x0000000000063e98       0x14 d:/softwares/intelfpga_lite/18.1/nios2eds/bin/gnu/h-x86_64-mingw32/bin/../lib/gcc/nios2-elf/5.3.0/../../../../../H-x86_64-mingw32/nios2-elf/lib/mno-hw-mul\libsmallc.a(lib_a-signal.o)
                0x0000000000063e98                raise
 .text.signal   0x0000000000063eac       0x18 d:/softwares/intelfpga_lite/18.1/nios2eds/bin/gnu/h-x86_64-mingw32/bin/../lib/gcc/nios2-elf/5.3.0/../../../../../H-x86_64-mingw32/nios2-elf/lib/mno-hw-mul\libsmallc.a(lib_a-signal.o)
                0x0000000000063eac                signal
 .text._init_signal
                0x0000000000063ec4       0x10 d:/softwares/intelfpga_lite/18.1/nios2eds/bin/gnu/h-x86_64-mingw32/bin/../lib/gcc/nios2-elf/5.3.0/../../../../../H-x86_64-mingw32/nios2-elf/lib/mno-hw-mul\libsmallc.a(lib_a-signal.o)
                0x0000000000063ec4                _init_signal
 .text.__sigtramp
                0x0000000000063ed4       0x14 d:/softwares/intelfpga_lite/18.1/nios2eds/bin/gnu/h-x86_64-mingw32/bin/../lib/gcc/nios2-elf/5.3.0/../../../../../H-x86_64-mingw32/nios2-elf/lib/mno-hw-mul\libsmallc.a(lib_a-signal.o)
                0x0000000000063ed4                __sigtramp
 .text          0x0000000000063ee8        0x0 d:/softwares/intelfpga_lite/18.1/nios2eds/bin/gnu/h-x86_64-mingw32/bin/../lib/gcc/nios2-elf/5.3.0/../../../../../H-x86_64-mingw32/nios2-elf/lib/mno-hw-mul\libsmallc.a(lib_a-signalr.o)
 .text._kill_r  0x0000000000063ee8       0x54 d:/softwares/intelfpga_lite/18.1/nios2eds/bin/gnu/h-x86_64-mingw32/bin/../lib/gcc/nios2-elf/5.3.0/../../../../../H-x86_64-mingw32/nios2-elf/lib/mno-hw-mul\libsmallc.a(lib_a-signalr.o)
                0x0000000000063ee8                _kill_r
 .text._getpid_r
                0x0000000000063f3c        0x4 d:/softwares/intelfpga_lite/18.1/nios2eds/bin/gnu/h-x86_64-mingw32/bin/../lib/gcc/nios2-elf/5.3.0/../../../../../H-x86_64-mingw32/nios2-elf/lib/mno-hw-mul\libsmallc.a(lib_a-signalr.o)
                0x0000000000063f3c                _getpid_r
 .text          0x0000000000063f40        0x0 d:/softwares/intelfpga_lite/18.1/nios2eds/bin/gnu/h-x86_64-mingw32/bin/../lib/gcc/nios2-elf/5.3.0/../../../../../H-x86_64-mingw32/nios2-elf/lib/mno-hw-mul\libsmallc.a(lib_a-snprintf.o)
 .text._snprintf_r
                0x0000000000063f40       0xb0 d:/softwares/intelfpga_lite/18.1/nios2eds/bin/gnu/h-x86_64-mingw32/bin/../lib/gcc/nios2-elf/5.3.0/../../../../../H-x86_64-mingw32/nios2-elf/lib/mno-hw-mul\libsmallc.a(lib_a-snprintf.o)
                0x0000000000063f40                _snprintf_r
 .text.snprintf
                0x0000000000063ff0       0xb8 d:/softwares/intelfpga_lite/18.1/nios2eds/bin/gnu/h-x86_64-mingw32/bin/../lib/gcc/nios2-elf/5.3.0/../../../../../H-x86_64-mingw32/nios2-elf/lib/mno-hw-mul\libsmallc.a(lib_a-snprintf.o)
                0x0000000000063ff0                snprintf
 .text          0x00000000000640a8        0x0 d:/softwares/intelfpga_lite/18.1/nios2eds/bin/gnu/h-x86_64-mingw32/bin/../lib/gcc/nios2-elf/5.3.0/../../../../../H-x86_64-mingw32/nios2-elf/lib/mno-hw-mul\libsmallc.a(lib_a-strcmp.o)
 .text.strcmp   0x00000000000640a8       0x38 d:/softwares/intelfpga_lite/18.1/nios2eds/bin/gnu/h-x86_64-mingw32/bin/../lib/gcc/nios2-elf/5.3.0/../../../../../H-x86_64-mingw32/nios2-elf/lib/mno-hw-mul\libsmallc.a(lib_a-strcmp.o)
                0x00000000000640a8                strcmp
 .text          0x00000000000640e0        0x0 d:/softwares/intelfpga_lite/18.1/nios2eds/bin/gnu/h-x86_64-mingw32/bin/../lib/gcc/nios2-elf/5.3.0/../../../../../H-x86_64-mingw32/nios2-elf/lib/mno-hw-mul\libsmallc.a(lib_a-strlen.o)
 .text.strlen   0x00000000000640e0       0x1c d:/softwares/intelfpga_lite/18.1/nios2eds/bin/gnu/h-x86_64-mingw32/bin/../lib/gcc/nios2-elf/5.3.0/../../../../../H-x86_64-mingw32/nios2-elf/lib/mno-hw-mul\libsmallc.a(lib_a-strlen.o)
                0x00000000000640e0                strlen
 .text          0x00000000000640fc        0x0 d:/softwares/intelfpga_lite/18.1/nios2eds/bin/gnu/h-x86_64-mingw32/bin/../lib/gcc/nios2-elf/5.3.0/../../../../../H-x86_64-mingw32/nios2-elf/lib/mno-hw-mul\libsmallc.a(lib_a-strncmp.o)
 .text.strncmp  0x00000000000640fc       0x60 d:/softwares/intelfpga_lite/18.1/nios2eds/bin/gnu/h-x86_64-mingw32/bin/../lib/gcc/nios2-elf/5.3.0/../../../../../H-x86_64-mingw32/nios2-elf/lib/mno-hw-mul\libsmallc.a(lib_a-strncmp.o)
                0x00000000000640fc                strncmp
 .text          0x000000000006415c        0x0 d:/softwares/intelfpga_lite/18.1/nios2eds/bin/gnu/h-x86_64-mingw32/bin/../lib/gcc/nios2-elf/5.3.0/../../../../../H-x86_64-mingw32/nios2-elf/lib/mno-hw-mul\libsmallc.a(lib_a-strtol.o)
 .text._strtol_r
                0x000000000006415c      0x234 d:/softwares/intelfpga_lite/18.1/nios2eds/bin/gnu/h-x86_64-mingw32/bin/../lib/gcc/nios2-elf/5.3.0/../../../../../H-x86_64-mingw32/nios2-elf/lib/mno-hw-mul\libsmallc.a(lib_a-strtol.o)
                0x000000000006415c                _strtol_r
 .text.strtol   0x0000000000064390       0x1c d:/softwares/intelfpga_lite/18.1/nios2eds/bin/gnu/h-x86_64-mingw32/bin/../lib/gcc/nios2-elf/5.3.0/../../../../../H-x86_64-mingw32/nios2-elf/lib/mno-hw-mul\libsmallc.a(lib_a-strtol.o)
                0x0000000000064390                strtol
 .text          0x00000000000643ac        0x0 d:/softwares/intelfpga_lite/18.1/nios2eds/bin/gnu/h-x86_64-mingw32/bin/../lib/gcc/nios2-elf/5.3.0/../../../../../H-x86_64-mingw32/nios2-elf/lib/mno-hw-mul\libsmallc.a(lib_a-svfprintf.o)
 .text.print_repeat
                0x00000000000643ac       0x6c d:/softwares/intelfpga_lite/18.1/nios2eds/bin/gnu/h-x86_64-mingw32/bin/../lib/gcc/nios2-elf/5.3.0/../../../../../H-x86_64-mingw32/nios2-elf/lib/mno-hw-mul\libsmallc.a(lib_a-svfprintf.o)
 .text.___svfprintf_internal_r
                0x0000000000064418      0x52c d:/softwares/intelfpga_lite/18.1/nios2eds/bin/gnu/h-x86_64-mingw32/bin/../lib/gcc/nios2-elf/5.3.0/../../../../../H-x86_64-mingw32/nios2-elf/lib/mno-hw-mul\libsmallc.a(lib_a-svfprintf.o)
                0x0000000000064418                ___svfprintf_internal_r
 .text.__vfprintf_internal_unused
                0x0000000000064944       0x1c d:/softwares/intelfpga_lite/18.1/nios2eds/bin/gnu/h-x86_64-mingw32/bin/../lib/gcc/nios2-elf/5.3.0/../../../../../H-x86_64-mingw32/nios2-elf/lib/mno-hw-mul\libsmallc.a(lib_a-svfprintf.o)
                0x0000000000064944                __vfprintf_internal_unused
 .text          0x0000000000064960        0x0 d:/softwares/intelfpga_lite/18.1/nios2eds/bin/gnu/h-x86_64-mingw32/bin/../lib/gcc/nios2-elf/5.3.0/../../../../../H-x86_64-mingw32/nios2-elf/lib/mno-hw-mul\libsmallc.a(lib_a-timesr.o)
 .text._times_r
                0x0000000000064960        0x8 d:/softwares/intelfpga_lite/18.1/nios2eds/bin/gnu/h-x86_64-mingw32/bin/../lib/gcc/nios2-elf/5.3.0/../../../../../H-x86_64-mingw32/nios2-elf/lib/mno-hw-mul\libsmallc.a(lib_a-timesr.o)
                0x0000000000064960                _times_r
 .text          0x0000000000064968        0x0 d:/softwares/intelfpga_lite/18.1/nios2eds/bin/gnu/h-x86_64-mingw32/bin/../lib/gcc/nios2-elf/5.3.0/../../../../../H-x86_64-mingw32/nios2-elf/lib/mno-hw-mul\libsmallc.a(lib_a-vfprintf.o)
 .text.print_repeat
                0x0000000000064968       0x6c d:/softwares/intelfpga_lite/18.1/nios2eds/bin/gnu/h-x86_64-mingw32/bin/../lib/gcc/nios2-elf/5.3.0/../../../../../H-x86_64-mingw32/nios2-elf/lib/mno-hw-mul\libsmallc.a(lib_a-vfprintf.o)
 .text.___vfprintf_internal_r
                0x00000000000649d4      0x52c d:/softwares/intelfpga_lite/18.1/nios2eds/bin/gnu/h-x86_64-mingw32/bin/../lib/gcc/nios2-elf/5.3.0/../../../../../H-x86_64-mingw32/nios2-elf/lib/mno-hw-mul\libsmallc.a(lib_a-vfprintf.o)
                0x00000000000649d4                ___vfprintf_internal_r
 .text.__vfprintf_internal
                0x0000000000064f00       0x1c d:/softwares/intelfpga_lite/18.1/nios2eds/bin/gnu/h-x86_64-mingw32/bin/../lib/gcc/nios2-elf/5.3.0/../../../../../H-x86_64-mingw32/nios2-elf/lib/mno-hw-mul\libsmallc.a(lib_a-vfprintf.o)
                0x0000000000064f00                __vfprintf_internal
 .text          0x0000000000064f1c        0x0 d:/softwares/intelfpga_lite/18.1/nios2eds/bin/gnu/h-x86_64-mingw32/bin/../lib/gcc/nios2-elf/5.3.0/../../../../../H-x86_64-mingw32/nios2-elf/lib/mno-hw-mul\libsmallc.a(lib_a-fvwrite_small_dev.o)
 .text.__sfvwrite_small_dev
                0x0000000000064f1c       0xb8 d:/softwares/intelfpga_lite/18.1/nios2eds/bin/gnu/h-x86_64-mingw32/bin/../lib/gcc/nios2-elf/5.3.0/../../../../../H-x86_64-mingw32/nios2-elf/lib/mno-hw-mul\libsmallc.a(lib_a-fvwrite_small_dev.o)
                0x0000000000064f1c                __sfvwrite_small_dev
 .text          0x0000000000064fd4        0x0 d:/softwares/intelfpga_lite/18.1/nios2eds/bin/gnu/h-x86_64-mingw32/bin/../lib/gcc/nios2-elf/5.3.0/../../../../../H-x86_64-mingw32/nios2-elf/lib/mno-hw-mul\libsmallc.a(lib_a-fvwrite_small_str.o)
 .text.__sfvwrite_small_str
                0x0000000000064fd4       0xa8 d:/softwares/intelfpga_lite/18.1/nios2eds/bin/gnu/h-x86_64-mingw32/bin/../lib/gcc/nios2-elf/5.3.0/../../../../../H-x86_64-mingw32/nios2-elf/lib/mno-hw-mul\libsmallc.a(lib_a-fvwrite_small_str.o)
                0x0000000000064fd4                __sfvwrite_small_str
 .text          0x000000000006507c        0x0 d:/softwares/intelfpga_lite/18.1/nios2eds/bin/gnu/h-x86_64-mingw32/bin/../lib/gcc/nios2-elf/5.3.0/../../../../../H-x86_64-mingw32/nios2-elf/lib/mno-hw-mul\libsmallc.a(lib_a-int_errno.o)
 .text          0x000000000006507c        0x0 d:/softwares/intelfpga_lite/18.1/nios2eds/bin/gnu/h-x86_64-mingw32/bin/../lib/gcc/nios2-elf/5.3.0/../../../../../H-x86_64-mingw32/nios2-elf/lib/mno-hw-mul\libsmallc.a(lib_a-nano-mallocr.o)
 .text._malloc_r
                0x000000000006507c      0x158 d:/softwares/intelfpga_lite/18.1/nios2eds/bin/gnu/h-x86_64-mingw32/bin/../lib/gcc/nios2-elf/5.3.0/../../../../../H-x86_64-mingw32/nios2-elf/lib/mno-hw-mul\libsmallc.a(lib_a-nano-mallocr.o)
                0x000000000006507c                _malloc_r
 .text          0x00000000000651d4        0x0 d:/softwares/intelfpga_lite/18.1/nios2eds/bin/gnu/h-x86_64-mingw32/bin/../lib/gcc/nios2-elf/5.3.0/../../../../../H-x86_64-mingw32/nios2-elf/lib/mno-hw-mul\libsmallc.a(lib_a-sbrkr.o)
 .text._sbrk_r  0x00000000000651d4       0x50 d:/softwares/intelfpga_lite/18.1/nios2eds/bin/gnu/h-x86_64-mingw32/bin/../lib/gcc/nios2-elf/5.3.0/../../../../../H-x86_64-mingw32/nios2-elf/lib/mno-hw-mul\libsmallc.a(lib_a-sbrkr.o)
                0x00000000000651d4                _sbrk_r
 .text          0x0000000000065224        0x0 d:/softwares/intelfpga_lite/18.1/nios2eds/bin/gnu/h-x86_64-mingw32/bin/../lib/gcc/nios2-elf/5.3.0/../../../../../H-x86_64-mingw32/nios2-elf/lib/mno-hw-mul\libsmallc.a(lib_a-writer.o)
 .text._write_r
                0x0000000000065224       0x58 d:/softwares/intelfpga_lite/18.1/nios2eds/bin/gnu/h-x86_64-mingw32/bin/../lib/gcc/nios2-elf/5.3.0/../../../../../H-x86_64-mingw32/nios2-elf/lib/mno-hw-mul\libsmallc.a(lib_a-writer.o)
                0x0000000000065224                _write_r
 .text          0x000000000006527c       0x14 ../ECE385_bsp/\libhal_bsp.a(alt_exit.o)
                0x000000000006527c                _exit
 .text          0x0000000000065290        0x8 ../ECE385_bsp/\libhal_bsp.a(alt_getpid.o)
                0x0000000000065290                getpid
 .text          0x0000000000065298       0x8c ../ECE385_bsp/\libhal_bsp.a(alt_iic.o)
                0x0000000000065298                alt_ic_isr_register
                0x000000000006529c                alt_ic_irq_enable
                0x00000000000652d4                alt_ic_irq_disable
                0x000000000006530c                alt_ic_irq_enabled
 .text          0x0000000000065324       0x68 ../ECE385_bsp/\libhal_bsp.a(alt_iic_isr_register.o)
                0x0000000000065324                alt_iic_isr_register
 .text          0x000000000006538c        0x0 ../ECE385_bsp/\libhal_bsp.a(alt_irq_entry.o)
 .text          0x000000000006538c        0x0 ../ECE385_bsp/\libhal_bsp.a(alt_irq_handler.o)
 .text          0x000000000006538c        0x0 ../ECE385_bsp/\libhal_bsp.a(alt_irq_vars.o)
 .text          0x000000000006538c       0xfc ../ECE385_bsp/\libhal_bsp.a(alt_kill.o)
                0x000000000006538c                kill
 .text          0x0000000000065488       0xe0 ../ECE385_bsp/\libhal_bsp.a(alt_load.o)
                0x0000000000065488                alt_load
 .text          0x0000000000065568       0x50 ../ECE385_bsp/\libhal_bsp.a(alt_main.o)
                0x0000000000065568                alt_main
 .text          0x00000000000655b8       0x4c ../ECE385_bsp/\libhal_bsp.a(alt_sbrk.o)
                0x00000000000655b8                sbrk
 .text          0x0000000000065604       0x60 ../ECE385_bsp/\libhal_bsp.a(alt_times.o)
                0x0000000000065604                times
 .text          0x0000000000065664      0x110 ../ECE385_bsp/\libhal_bsp.a(alt_write.o)
                0x0000000000065664                write
 .text          0x0000000000065774       0xb8 ../ECE385_bsp/\libhal_bsp.a(alt_sys_init.o)
                0x0000000000065774                alt_irq_init
                0x0000000000065794                alt_sys_init
 .text          0x000000000006582c       0x20 ../ECE385_bsp/\libhal_bsp.a(altera_avalon_jtag_uart_fd.o)
                0x000000000006582c                altera_avalon_jtag_uart_read_fd
                0x000000000006583c                altera_avalon_jtag_uart_write_fd
 .text          0x000000000006584c       0x74 ../ECE385_bsp/\libhal_bsp.a(altera_avalon_jtag_uart_read.o)
                0x000000000006584c                altera_avalon_jtag_uart_read
 .text          0x00000000000658c0       0x34 ../ECE385_bsp/\libhal_bsp.a(altera_avalon_jtag_uart_write.o)
                0x00000000000658c0                altera_avalon_jtag_uart_write
 .text          0x00000000000658f4      0x79c ../ECE385_bsp/\libhal_bsp.a(altera_avalon_sgdma.o)
                0x0000000000065950                alt_avalon_sgdma_do_async_transfer
                0x00000000000659d8                alt_avalon_sgdma_do_sync_transfer
                0x0000000000065a5c                alt_avalon_sgdma_construct_mem_to_mem_desc_burst
                0x0000000000065b84                alt_avalon_sgdma_construct_mem_to_mem_desc
                0x0000000000065bbc                alt_avalon_sgdma_construct_stream_to_mem_desc_burst
                0x0000000000065c90                alt_avalon_sgdma_construct_stream_to_mem_desc
                0x0000000000065cb8                alt_avalon_sgdma_register_callback
                0x0000000000065cc8                alt_avalon_sgdma_start
                0x0000000000065ce0                alt_avalon_sgdma_stop
                0x0000000000065cfc                alt_avalon_sgdma_check_descriptor_status
                0x0000000000065d28                alt_avalon_sgdma_open
                0x0000000000065d78                alt_avalon_sgdma_enable_desc_poll
                0x0000000000065da8                alt_avalon_sgdma_disable_desc_poll
                0x0000000000065dc8                alt_avalon_sgdma_construct_descriptor_burst
                0x0000000000065f28                alt_avalon_sgdma_construct_mem_to_stream_desc_burst
                0x0000000000065f78                alt_avalon_sgdma_construct_mem_to_stream_desc
                0x0000000000065fc4                alt_avalon_sgdma_construct_descriptor
                0x000000000006600c                alt_avalon_sgdma_init
 .text          0x0000000000066090       0x84 ../ECE385_bsp/\libhal_bsp.a(altera_avalon_timer_sc.o)
                0x00000000000660cc                alt_avalon_timer_sc_init
 .text          0x0000000000066114       0xc0 ../ECE385_bsp/\libhal_bsp.a(alt_close.o)
                0x0000000000066114                close
 .text          0x00000000000661d4        0x4 ../ECE385_bsp/\libhal_bsp.a(alt_dcache_flush.o)
                0x00000000000661d4                alt_dcache_flush
 .text          0x00000000000661d8        0x4 ../ECE385_bsp/\libhal_bsp.a(alt_dcache_flush_all.o)
                0x00000000000661d8                alt_dcache_flush_all
 .text          0x00000000000661dc        0x8 ../ECE385_bsp/\libhal_bsp.a(alt_dev.o)
 .text          0x00000000000661e4       0x6c ../ECE385_bsp/\libhal_bsp.a(alt_dev_llist_insert.o)
                0x00000000000661e4                alt_dev_llist_insert
 .text          0x0000000000066250        0x0 ../ECE385_bsp/\libhal_bsp.a(alt_errno.o)
 .text          0x0000000000066250        0x0 ../ECE385_bsp/\libhal_bsp.a(alt_exception_entry.o)
 .text          0x0000000000066250       0x78 ../ECE385_bsp/\libhal_bsp.a(alt_find_dev.o)
                0x0000000000066250                alt_find_dev
 .text          0x00000000000662c8        0x4 ../ECE385_bsp/\libhal_bsp.a(alt_icache_flush_all.o)
                0x00000000000662c8                alt_icache_flush_all
 .text          0x00000000000662cc       0x74 ../ECE385_bsp/\libhal_bsp.a(alt_instruction_exception_entry.o)
                0x00000000000662cc                alt_exception_cause_generated_bad_addr
 .text          0x0000000000066340      0x100 ../ECE385_bsp/\libhal_bsp.a(alt_io_redirect.o)
                0x00000000000663cc                alt_io_redirect
 .text          0x0000000000066440      0x188 ../ECE385_bsp/\libhal_bsp.a(alt_open.o)
                0x0000000000066440                open
 .text          0x00000000000665c8       0x5c ../ECE385_bsp/\libhal_bsp.a(alt_release_fd.o)
                0x00000000000665c8                alt_release_fd
 .text          0x0000000000066624      0x128 ../ECE385_bsp/\libhal_bsp.a(alt_tick.o)
                0x0000000000066624                alt_alarm_stop
                0x0000000000066658                alt_tick
 .text          0x000000000006674c        0x8 ../ECE385_bsp/\libhal_bsp.a(altera_nios2_gen2_irq.o)
                0x000000000006674c                altera_nios2_gen2_irq_init
 .text          0x0000000000066754       0xac ../ECE385_bsp/\libhal_bsp.a(alt_find_file.o)
                0x0000000000066754                alt_find_file
 .text          0x0000000000066800       0x88 ../ECE385_bsp/\libhal_bsp.a(alt_get_fd.o)
                0x0000000000066800                alt_get_fd
 .text          0x0000000000066888        0x0 d:/softwares/intelfpga_lite/18.1/nios2eds/bin/gnu/h-x86_64-mingw32/bin/../lib/gcc/nios2-elf/5.3.0/../../../../../H-x86_64-mingw32/nios2-elf/lib/mno-hw-mul\libsmallc.a(lib_a-exit.o)
 .text.exit     0x0000000000066888       0x20 d:/softwares/intelfpga_lite/18.1/nios2eds/bin/gnu/h-x86_64-mingw32/bin/../lib/gcc/nios2-elf/5.3.0/../../../../../H-x86_64-mingw32/nios2-elf/lib/mno-hw-mul\libsmallc.a(lib_a-exit.o)
                0x0000000000066888                exit
 .text          0x00000000000668a8        0x0 d:/softwares/intelfpga_lite/18.1/nios2eds/bin/gnu/h-x86_64-mingw32/bin/../lib/gcc/nios2-elf/5.3.0/../../../../../H-x86_64-mingw32/nios2-elf/lib/mno-hw-mul\libsmallc.a(lib_a-__call_atexit.o)
 .text.__call_exitprocs
                0x00000000000668a8      0x190 d:/softwares/intelfpga_lite/18.1/nios2eds/bin/gnu/h-x86_64-mingw32/bin/../lib/gcc/nios2-elf/5.3.0/../../../../../H-x86_64-mingw32/nios2-elf/lib/mno-hw-mul\libsmallc.a(lib_a-__call_atexit.o)
                0x00000000000668a8                __call_exitprocs
 *(.gnu.warning.*)
 *(.fini)
                [!provide]                        PROVIDE (__etext, ABSOLUTE (.))
                [!provide]                        PROVIDE (_etext, ABSOLUTE (.))
                [!provide]                        PROVIDE (etext, ABSOLUTE (.))
 *(.eh_frame_hdr)
                0x0000000000066a38                . = ALIGN (0x4)
                [!provide]                        PROVIDE (__preinit_array_start, ABSOLUTE (.))
 *(.preinit_array)
                [!provide]                        PROVIDE (__preinit_array_end, ABSOLUTE (.))
                [!provide]                        PROVIDE (__init_array_start, ABSOLUTE (.))
 *(.init_array)
                [!provide]                        PROVIDE (__init_array_end, ABSOLUTE (.))
                [!provide]                        PROVIDE (__fini_array_start, ABSOLUTE (.))
 *(.fini_array)
                [!provide]                        PROVIDE (__fini_array_end, ABSOLUTE (.))
 *(.eh_frame)
 *(.gcc_except_table .gcc_except_table.*)
 *(.dynamic)
                [!provide]                        PROVIDE (__CTOR_LIST__, ABSOLUTE (.))
 *(.ctors)
 *(SORT(.ctors.*))
                [!provide]                        PROVIDE (__CTOR_END__, ABSOLUTE (.))
                [!provide]                        PROVIDE (__DTOR_LIST__, ABSOLUTE (.))
 *(.dtors)
 *(SORT(.dtors.*))
                [!provide]                        PROVIDE (__DTOR_END__, ABSOLUTE (.))
 *(.jcr)
                0x0000000000066a38                . = ALIGN (0x4)

.rodata         0x0000000000066a38     0x385c
                0x0000000000066a38                PROVIDE (__ram_rodata_start, ABSOLUTE (.))
                0x0000000000066a38                . = ALIGN (0x4)
 *(.rodata .rodata.* .gnu.linkonce.r.*)
 .rodata.str1.4
                0x0000000000066a38       0x25 obj/default/ethernet.o
 *fill*         0x0000000000066a5d        0x3 
 .rodata.str1.4
                0x0000000000066a60       0x49 obj/default/gamelogic.o
 *fill*         0x0000000000066aa9        0x3 
 .rodata.str1.4
                0x0000000000066aac      0x1eb obj/default/lwip/apps/http/http_client.o
                                        0x1ef (size before relaxing)
 *fill*         0x0000000000066c97        0x1 
 .rodata.str1.4
                0x0000000000066c98       0x82 obj/default/lwip/core/dns.o
                                         0xaa (size before relaxing)
 *fill*         0x0000000000066d1a        0x2 
 .rodata        0x0000000000066d1c       0x28 obj/default/lwip/core/dns.o
                0x0000000000066d1c                dns_mquery_v6group
                0x0000000000066d30                dns_mquery_v4group
 .rodata.str1.4
                0x0000000000066d44       0x22 obj/default/lwip/core/inet_chksum.o
                                         0x4c (size before relaxing)
 *fill*         0x0000000000066d66        0x2 
 .rodata        0x0000000000066d68       0x14 obj/default/lwip/core/ip.o
                0x0000000000066d68                ip_addr_any_type
 .rodata.str1.4
                0x0000000000066d7c      0x381 obj/default/lwip/core/ipv4/dhcp.o
                                        0x3a9 (size before relaxing)
 *fill*         0x00000000000670fd        0x3 
 .rodata.str1.4
                0x0000000000067100      0x1b2 obj/default/lwip/core/ipv4/etharp.o
                                        0x1ea (size before relaxing)
 *fill*         0x00000000000672b2        0x2 
 .rodata.str1.4
                0x00000000000672b4       0xae obj/default/lwip/core/ipv4/icmp.o
                                         0xd6 (size before relaxing)
 *fill*         0x0000000000067362        0x2 
 .rodata.str1.4
                0x0000000000067364      0x30d obj/default/lwip/core/ipv4/igmp.o
                                        0x335 (size before relaxing)
 *fill*         0x0000000000067671        0x3 
 .rodata.str1.4
                0x0000000000067674       0x51 obj/default/lwip/core/ipv4/ip4.o
                                         0x79 (size before relaxing)
 *fill*         0x00000000000676c5        0x3 
 .rodata.str1.4
                0x00000000000676c8       0x26 obj/default/lwip/core/ipv4/ip4_addr.o
                                         0x50 (size before relaxing)
 *fill*         0x00000000000676ee        0x2 
 .rodata        0x00000000000676f0       0x28 obj/default/lwip/core/ipv4/ip4_addr.o
                0x00000000000676f0                ip_addr_broadcast
                0x0000000000067704                ip_addr_any
 .rodata.str1.4
                0x0000000000067718      0x197 obj/default/lwip/core/ipv4/ip4_frag.o
                                        0x1cb (size before relaxing)
 *fill*         0x00000000000678af        0x1 
 .rodata.str1.4
                0x00000000000678b0       0x95 obj/default/lwip/core/ipv6/icmp6.o
                                         0xbd (size before relaxing)
 *fill*         0x0000000000067945        0x3 
 .rodata.str1.4
                0x0000000000067948       0x46 obj/default/lwip/core/ipv6/ip6.o
                                         0x7a (size before relaxing)
 *fill*         0x000000000006798e        0x2 
 .rodata        0x0000000000067990       0x14 obj/default/lwip/core/ipv6/ip6_addr.o
                0x0000000000067990                ip6_addr_any
 .rodata.str1.4
                0x00000000000679a4      0x117 obj/default/lwip/core/ipv6/ip6_frag.o
                                        0x228 (size before relaxing)
 *fill*         0x0000000000067abb        0x1 
 .rodata.str1.4
                0x0000000000067abc       0x83 obj/default/lwip/core/ipv6/nd6.o
                                         0xc7 (size before relaxing)
 *fill*         0x0000000000067b3f        0x1 
 .rodata.str1.4
                0x0000000000067b40      0x173 obj/default/lwip/core/mem.o
                                        0x19b (size before relaxing)
 *fill*         0x0000000000067cb3        0x1 
 .rodata.str1.4
                0x0000000000067cb4       0xa7 obj/default/lwip/core/memp.o
                                         0xcf (size before relaxing)
 *fill*         0x0000000000067d5b        0x1 
 .rodata        0x0000000000067d5c       0xf0 obj/default/lwip/core/memp.o
                0x0000000000067d5c                memp_pools
                0x0000000000067d98                memp_PBUF_POOL
                0x0000000000067da4                memp_PBUF
                0x0000000000067db0                memp_MLD6_GROUP
                0x0000000000067dbc                memp_IP6_REASSDATA
                0x0000000000067dc8                memp_ND6_QUEUE
                0x0000000000067dd4                memp_SYS_TIMEOUT
                0x0000000000067de0                memp_IGMP_GROUP
                0x0000000000067dec                memp_ARP_QUEUE
                0x0000000000067df8                memp_FRAG_PBUF
                0x0000000000067e04                memp_REASSDATA
                0x0000000000067e10                memp_TCP_SEG
                0x0000000000067e1c                memp_TCP_PCB_LISTEN
                0x0000000000067e28                memp_TCP_PCB
                0x0000000000067e34                memp_UDP_PCB
                0x0000000000067e40                memp_RAW_PCB
 .rodata.str1.4
                0x0000000000067e4c      0x41b obj/default/lwip/core/netif.o
                                        0x453 (size before relaxing)
 *fill*         0x0000000000068267        0x1 
 .rodata.str1.4
                0x0000000000068268      0x3b1 obj/default/lwip/core/pbuf.o
                                        0x3e5 (size before relaxing)
 *fill*         0x0000000000068619        0x3 
 .rodata.str1.4
                0x000000000006861c       0xa6 obj/default/lwip/core/raw.o
                                         0xce (size before relaxing)
 *fill*         0x00000000000686c2        0x2 
 .rodata.str1.4
                0x00000000000686c4      0x78e obj/default/lwip/core/tcp.o
                                        0x7c6 (size before relaxing)
 *fill*         0x0000000000068e52        0x2 
 .rodata        0x0000000000068e54       0x4c obj/default/lwip/core/tcp.o
                0x0000000000068e54                tcp_pcb_lists
 .rodata.str1.4
                0x0000000000068ea0      0x3ca obj/default/lwip/core/tcp_in.o
                                        0x3f2 (size before relaxing)
 *fill*         0x000000000006926a        0x2 
 .rodata.str1.4
                0x000000000006926c      0x743 obj/default/lwip/core/tcp_out.o
                                        0x76b (size before relaxing)
 *fill*         0x00000000000699af        0x1 
 .rodata.str1.4
                0x00000000000699b0       0x8e obj/default/lwip/core/timeouts.o
                                         0xb6 (size before relaxing)
 *fill*         0x0000000000069a3e        0x2 
 .rodata        0x0000000000069a40       0x50 obj/default/lwip/core/timeouts.o
                0x0000000000069a40                lwip_cyclic_timers
 .rodata.str1.4
                0x0000000000069a90      0x2d0 obj/default/lwip/core/udp.o
                                        0x2f8 (size before relaxing)
 .rodata.str1.4
                0x0000000000069d60       0x49 obj/default/lwip/netif/ethernet.o
                                         0x74 (size before relaxing)
 *fill*         0x0000000000069da9        0x3 
 .rodata.str1.4
                0x0000000000069dac       0xb6 obj/default/main.o
 *fill*         0x0000000000069e62        0x2 
 .rodata.str1.4
                0x0000000000069e64       0x42 obj/default/main_menu.o
 *fill*         0x0000000000069ea6        0x2 
 .rodata.str1.4
                0x0000000000069ea8        0xf obj/default/memcpy_dma.o
 *fill*         0x0000000000069eb7        0x1 
 .rodata        0x0000000000069eb8       0x30 obj/default/resources/plane_player.o
                0x0000000000069eb8                plane_player_seq
 .rodata        0x0000000000069ee8       0x48 obj/default/resources/resource.o
                0x0000000000069ee8                enemies
 .rodata.str1.4
                0x0000000000069f30       0x95 obj/default/scoreboard.o
                                         0xa5 (size before relaxing)
 .rodata._ctype_
                0x0000000000069fc5      0x101 d:/softwares/intelfpga_lite/18.1/nios2eds/bin/gnu/h-x86_64-mingw32/bin/../lib/gcc/nios2-elf/5.3.0/../../../../../H-x86_64-mingw32/nios2-elf/lib/mno-hw-mul\libsmallc.a(lib_a-ctype_.o)
                0x0000000000069fc5                _ctype_
 .rodata._ctype_b
                0x000000000006a0c6      0x180 d:/softwares/intelfpga_lite/18.1/nios2eds/bin/gnu/h-x86_64-mingw32/bin/../lib/gcc/nios2-elf/5.3.0/../../../../../H-x86_64-mingw32/nios2-elf/lib/mno-hw-mul\libsmallc.a(lib_a-ctype_.o)
 *fill*         0x000000000006a246        0x2 
 .rodata.str1.4
                0x000000000006a248       0x15 ../ECE385_bsp/\libhal_bsp.a(alt_main.o)
 *fill*         0x000000000006a25d        0x3 
 .rodata.str1.4
                0x000000000006a260       0x25 ../ECE385_bsp/\libhal_bsp.a(alt_sys_init.o)
                                         0x75 (size before relaxing)
 *fill*         0x000000000006a285        0x3 
 .rodata.str1.4
                0x000000000006a288        0xc ../ECE385_bsp/\libhal_bsp.a(alt_dev.o)
                                          0xa (size before relaxing)
 *(.rodata1)
                0x000000000006a294                . = ALIGN (0x4)
                0x000000000006a294                PROVIDE (__ram_rodata_end, ABSOLUTE (.))
                0x0000000000066a38                PROVIDE (__flash_rodata_start, LOADADDR (.rodata))

.rwdata         0x000000000006a294      0x4e0 load address 0x000000000006a774
                0x000000000006a294                PROVIDE (__ram_rwdata_start, ABSOLUTE (.))
                0x000000000006a294                . = ALIGN (0x4)
 *(.got.plt)
 *(.got)
 *(.data1)
 *(.data .data.* .gnu.linkonce.d.*)
 .data          0x000000000006a294        0x0 ../ECE385_bsp//obj/HAL/src/crt0.o
 .data          0x000000000006a294        0x0 obj/default/audio.o
 .data          0x000000000006a294        0x0 obj/default/comm.o
 .data          0x000000000006a294        0x0 obj/default/ethernet.o
 .data          0x000000000006a294        0x0 obj/default/gamelogic.o
 .data          0x000000000006a294        0x0 obj/default/httpc.o
 .data          0x000000000006a294        0x0 obj/default/lwip/apps/http/http_client.o
 .data          0x000000000006a294        0x0 obj/default/lwip/core/altcp.o
 .data          0x000000000006a294        0x0 obj/default/lwip/core/altcp_alloc.o
 .data          0x000000000006a294        0x0 obj/default/lwip/core/altcp_tcp.o
 .data          0x000000000006a294        0x0 obj/default/lwip/core/def.o
 .data          0x000000000006a294        0x0 obj/default/lwip/core/dns.o
 .data          0x000000000006a294        0x0 obj/default/lwip/core/inet_chksum.o
 .data          0x000000000006a294        0x0 obj/default/lwip/core/init.o
 .data          0x000000000006a294        0x0 obj/default/lwip/core/ip.o
 .data          0x000000000006a294        0x0 obj/default/lwip/core/ipv4/autoip.o
 .data          0x000000000006a294        0x0 obj/default/lwip/core/ipv4/dhcp.o
 .data          0x000000000006a294        0x0 obj/default/lwip/core/ipv4/etharp.o
 .data          0x000000000006a294        0x0 obj/default/lwip/core/ipv4/icmp.o
 .data          0x000000000006a294        0x0 obj/default/lwip/core/ipv4/igmp.o
 .data          0x000000000006a294        0x0 obj/default/lwip/core/ipv4/ip4.o
 .data          0x000000000006a294        0x0 obj/default/lwip/core/ipv4/ip4_addr.o
 .data          0x000000000006a294        0x0 obj/default/lwip/core/ipv4/ip4_frag.o
 .data          0x000000000006a294        0x0 obj/default/lwip/core/ipv6/dhcp6.o
 .data          0x000000000006a294        0x0 obj/default/lwip/core/ipv6/ethip6.o
 .data          0x000000000006a294        0x0 obj/default/lwip/core/ipv6/icmp6.o
 .data          0x000000000006a294        0x0 obj/default/lwip/core/ipv6/inet6.o
 .data          0x000000000006a294        0x0 obj/default/lwip/core/ipv6/ip6.o
 .data          0x000000000006a294        0x0 obj/default/lwip/core/ipv6/ip6_addr.o
 .data          0x000000000006a294        0x0 obj/default/lwip/core/ipv6/ip6_frag.o
 .data          0x000000000006a294        0x0 obj/default/lwip/core/ipv6/mld6.o
 .data          0x000000000006a294        0x0 obj/default/lwip/core/ipv6/nd6.o
 .data          0x000000000006a294        0x0 obj/default/lwip/core/mem.o
 .data          0x000000000006a294        0x0 obj/default/lwip/core/memp.o
 .data          0x000000000006a294        0x0 obj/default/lwip/core/netif.o
 .data          0x000000000006a294        0x0 obj/default/lwip/core/pbuf.o
 .data          0x000000000006a294        0x0 obj/default/lwip/core/raw.o
 .data          0x000000000006a294        0x0 obj/default/lwip/core/stats.o
 .data          0x000000000006a294        0x0 obj/default/lwip/core/sys.o
 .data          0x000000000006a294        0x0 obj/default/lwip/core/tcp.o
 .data          0x000000000006a294        0x0 obj/default/lwip/core/tcp_in.o
 .data          0x000000000006a294        0x0 obj/default/lwip/core/tcp_out.o
 .data          0x000000000006a294        0x0 obj/default/lwip/core/timeouts.o
 .data          0x000000000006a294        0x0 obj/default/lwip/core/udp.o
 .data          0x000000000006a294        0x0 obj/default/lwip/netif/ethernet.o
 .data          0x000000000006a294        0x0 obj/default/lwip_port/compat.o
 .data          0x000000000006a294        0x0 obj/default/main.o
 .data          0x000000000006a294        0x0 obj/default/main_menu.o
 .data          0x000000000006a294        0x0 obj/default/memcpy_dma.o
 .data          0x000000000006a294        0x0 obj/default/resources/chinese.o
 .data          0x000000000006a294        0x0 obj/default/resources/main_menu_bg.o
 .data          0x000000000006a294        0x0 obj/default/resources/music.o
 .data          0x000000000006a294        0x0 obj/default/resources/plane_player.o
 .data          0x000000000006a294       0x58 obj/default/resources/resource.o
                0x000000000006a294                explosion_sequence
 .data          0x000000000006a2ec        0x0 obj/default/resources/scoreboard_bg.o
 .data          0x000000000006a2ec        0x0 obj/default/resources/sound_explosion.o
 .data          0x000000000006a2ec        0x0 obj/default/resources/sound_hit.o
 .data          0x000000000006a2ec        0x0 obj/default/resources/vga_fonts.o
 .data          0x000000000006a2ec        0x0 obj/default/rng.o
 .data          0x000000000006a2ec        0x0 obj/default/scoreboard.o
 .data          0x000000000006a2ec       0x40 obj/default/sprites.o
                0x000000000006a2ec                vga_bullets
                0x000000000006a2fc                vga_planes
                0x000000000006a30c                vga_planes_sprite_data
 .data          0x000000000006a32c        0x0 obj/default/vga.o
 .data          0x000000000006a32c        0x0 d:/softwares/intelfpga_lite/18.1/nios2eds/bin/gnu/h-x86_64-mingw32/bin/../lib/gcc/nios2-elf/5.3.0/mno-hw-mul\libgcc.a(lib2-divmod.o)
 .data          0x000000000006a32c        0x0 d:/softwares/intelfpga_lite/18.1/nios2eds/bin/gnu/h-x86_64-mingw32/bin/../lib/gcc/nios2-elf/5.3.0/mno-hw-mul\libgcc.a(lib2-mul.o)
 .data          0x000000000006a32c        0x0 d:/softwares/intelfpga_lite/18.1/nios2eds/bin/gnu/h-x86_64-mingw32/bin/../lib/gcc/nios2-elf/5.3.0/../../../../../H-x86_64-mingw32/nios2-elf/lib/mno-hw-mul\libsmallc.a(lib_a-abort.o)
 .data          0x000000000006a32c        0x0 d:/softwares/intelfpga_lite/18.1/nios2eds/bin/gnu/h-x86_64-mingw32/bin/../lib/gcc/nios2-elf/5.3.0/../../../../../H-x86_64-mingw32/nios2-elf/lib/mno-hw-mul\libsmallc.a(lib_a-atoi.o)
 .data          0x000000000006a32c        0x0 d:/softwares/intelfpga_lite/18.1/nios2eds/bin/gnu/h-x86_64-mingw32/bin/../lib/gcc/nios2-elf/5.3.0/../../../../../H-x86_64-mingw32/nios2-elf/lib/mno-hw-mul\libsmallc.a(lib_a-clock.o)
 .data          0x000000000006a32c        0x0 d:/softwares/intelfpga_lite/18.1/nios2eds/bin/gnu/h-x86_64-mingw32/bin/../lib/gcc/nios2-elf/5.3.0/../../../../../H-x86_64-mingw32/nios2-elf/lib/mno-hw-mul\libsmallc.a(lib_a-ctype_.o)
 .data          0x000000000006a32c        0x0 d:/softwares/intelfpga_lite/18.1/nios2eds/bin/gnu/h-x86_64-mingw32/bin/../lib/gcc/nios2-elf/5.3.0/../../../../../H-x86_64-mingw32/nios2-elf/lib/mno-hw-mul\libsmallc.a(lib_a-impure.o)
 .data.impure_data
                0x000000000006a32c       0xe0 d:/softwares/intelfpga_lite/18.1/nios2eds/bin/gnu/h-x86_64-mingw32/bin/../lib/gcc/nios2-elf/5.3.0/../../../../../H-x86_64-mingw32/nios2-elf/lib/mno-hw-mul\libsmallc.a(lib_a-impure.o)
 .data          0x000000000006a40c        0x0 d:/softwares/intelfpga_lite/18.1/nios2eds/bin/gnu/h-x86_64-mingw32/bin/../lib/gcc/nios2-elf/5.3.0/../../../../../H-x86_64-mingw32/nios2-elf/lib/mno-hw-mul\libsmallc.a(lib_a-memcmp.o)
 .data          0x000000000006a40c        0x0 d:/softwares/intelfpga_lite/18.1/nios2eds/bin/gnu/h-x86_64-mingw32/bin/../lib/gcc/nios2-elf/5.3.0/../../../../../H-x86_64-mingw32/nios2-elf/lib/mno-hw-mul\libsmallc.a(lib_a-memcpy.o)
 .data          0x000000000006a40c        0x0 d:/softwares/intelfpga_lite/18.1/nios2eds/bin/gnu/h-x86_64-mingw32/bin/../lib/gcc/nios2-elf/5.3.0/../../../../../H-x86_64-mingw32/nios2-elf/lib/mno-hw-mul\libsmallc.a(lib_a-memmove.o)
 .data          0x000000000006a40c        0x0 d:/softwares/intelfpga_lite/18.1/nios2eds/bin/gnu/h-x86_64-mingw32/bin/../lib/gcc/nios2-elf/5.3.0/../../../../../H-x86_64-mingw32/nios2-elf/lib/mno-hw-mul\libsmallc.a(lib_a-memset.o)
 .data          0x000000000006a40c        0x0 d:/softwares/intelfpga_lite/18.1/nios2eds/bin/gnu/h-x86_64-mingw32/bin/../lib/gcc/nios2-elf/5.3.0/../../../../../H-x86_64-mingw32/nios2-elf/lib/mno-hw-mul\libsmallc.a(lib_a-printf.o)
 .data          0x000000000006a40c        0x0 d:/softwares/intelfpga_lite/18.1/nios2eds/bin/gnu/h-x86_64-mingw32/bin/../lib/gcc/nios2-elf/5.3.0/../../../../../H-x86_64-mingw32/nios2-elf/lib/mno-hw-mul\libsmallc.a(lib_a-signal.o)
 .data          0x000000000006a40c        0x0 d:/softwares/intelfpga_lite/18.1/nios2eds/bin/gnu/h-x86_64-mingw32/bin/../lib/gcc/nios2-elf/5.3.0/../../../../../H-x86_64-mingw32/nios2-elf/lib/mno-hw-mul\libsmallc.a(lib_a-signalr.o)
 .data          0x000000000006a40c        0x0 d:/softwares/intelfpga_lite/18.1/nios2eds/bin/gnu/h-x86_64-mingw32/bin/../lib/gcc/nios2-elf/5.3.0/../../../../../H-x86_64-mingw32/nios2-elf/lib/mno-hw-mul\libsmallc.a(lib_a-snprintf.o)
 .data          0x000000000006a40c        0x0 d:/softwares/intelfpga_lite/18.1/nios2eds/bin/gnu/h-x86_64-mingw32/bin/../lib/gcc/nios2-elf/5.3.0/../../../../../H-x86_64-mingw32/nios2-elf/lib/mno-hw-mul\libsmallc.a(lib_a-strcmp.o)
 .data          0x000000000006a40c        0x0 d:/softwares/intelfpga_lite/18.1/nios2eds/bin/gnu/h-x86_64-mingw32/bin/../lib/gcc/nios2-elf/5.3.0/../../../../../H-x86_64-mingw32/nios2-elf/lib/mno-hw-mul\libsmallc.a(lib_a-strlen.o)
 .data          0x000000000006a40c        0x0 d:/softwares/intelfpga_lite/18.1/nios2eds/bin/gnu/h-x86_64-mingw32/bin/../lib/gcc/nios2-elf/5.3.0/../../../../../H-x86_64-mingw32/nios2-elf/lib/mno-hw-mul\libsmallc.a(lib_a-strncmp.o)
 .data          0x000000000006a40c        0x0 d:/softwares/intelfpga_lite/18.1/nios2eds/bin/gnu/h-x86_64-mingw32/bin/../lib/gcc/nios2-elf/5.3.0/../../../../../H-x86_64-mingw32/nios2-elf/lib/mno-hw-mul\libsmallc.a(lib_a-strtol.o)
 .data          0x000000000006a40c        0x0 d:/softwares/intelfpga_lite/18.1/nios2eds/bin/gnu/h-x86_64-mingw32/bin/../lib/gcc/nios2-elf/5.3.0/../../../../../H-x86_64-mingw32/nios2-elf/lib/mno-hw-mul\libsmallc.a(lib_a-svfprintf.o)
 .data          0x000000000006a40c        0x0 d:/softwares/intelfpga_lite/18.1/nios2eds/bin/gnu/h-x86_64-mingw32/bin/../lib/gcc/nios2-elf/5.3.0/../../../../../H-x86_64-mingw32/nios2-elf/lib/mno-hw-mul\libsmallc.a(lib_a-timesr.o)
 .data          0x000000000006a40c        0x0 d:/softwares/intelfpga_lite/18.1/nios2eds/bin/gnu/h-x86_64-mingw32/bin/../lib/gcc/nios2-elf/5.3.0/../../../../../H-x86_64-mingw32/nios2-elf/lib/mno-hw-mul\libsmallc.a(lib_a-vfprintf.o)
 .data          0x000000000006a40c        0x0 d:/softwares/intelfpga_lite/18.1/nios2eds/bin/gnu/h-x86_64-mingw32/bin/../lib/gcc/nios2-elf/5.3.0/../../../../../H-x86_64-mingw32/nios2-elf/lib/mno-hw-mul\libsmallc.a(lib_a-fvwrite_small_dev.o)
 .data          0x000000000006a40c        0x0 d:/softwares/intelfpga_lite/18.1/nios2eds/bin/gnu/h-x86_64-mingw32/bin/../lib/gcc/nios2-elf/5.3.0/../../../../../H-x86_64-mingw32/nios2-elf/lib/mno-hw-mul\libsmallc.a(lib_a-fvwrite_small_str.o)
 .data          0x000000000006a40c        0x0 d:/softwares/intelfpga_lite/18.1/nios2eds/bin/gnu/h-x86_64-mingw32/bin/../lib/gcc/nios2-elf/5.3.0/../../../../../H-x86_64-mingw32/nios2-elf/lib/mno-hw-mul\libsmallc.a(lib_a-int_errno.o)
 .data          0x000000000006a40c        0x0 d:/softwares/intelfpga_lite/18.1/nios2eds/bin/gnu/h-x86_64-mingw32/bin/../lib/gcc/nios2-elf/5.3.0/../../../../../H-x86_64-mingw32/nios2-elf/lib/mno-hw-mul\libsmallc.a(lib_a-nano-mallocr.o)
 .data          0x000000000006a40c        0x0 d:/softwares/intelfpga_lite/18.1/nios2eds/bin/gnu/h-x86_64-mingw32/bin/../lib/gcc/nios2-elf/5.3.0/../../../../../H-x86_64-mingw32/nios2-elf/lib/mno-hw-mul\libsmallc.a(lib_a-sbrkr.o)
 .data          0x000000000006a40c        0x0 d:/softwares/intelfpga_lite/18.1/nios2eds/bin/gnu/h-x86_64-mingw32/bin/../lib/gcc/nios2-elf/5.3.0/../../../../../H-x86_64-mingw32/nios2-elf/lib/mno-hw-mul\libsmallc.a(lib_a-writer.o)
 .data          0x000000000006a40c        0x0 ../ECE385_bsp/\libhal_bsp.a(alt_exit.o)
 .data          0x000000000006a40c        0x0 ../ECE385_bsp/\libhal_bsp.a(alt_getpid.o)
 .data          0x000000000006a40c        0x0 ../ECE385_bsp/\libhal_bsp.a(alt_iic.o)
 .data          0x000000000006a40c        0x0 ../ECE385_bsp/\libhal_bsp.a(alt_iic_isr_register.o)
 .data          0x000000000006a40c        0x0 ../ECE385_bsp/\libhal_bsp.a(alt_irq_entry.o)
 .data          0x000000000006a40c        0x0 ../ECE385_bsp/\libhal_bsp.a(alt_irq_handler.o)
 .data          0x000000000006a40c        0x0 ../ECE385_bsp/\libhal_bsp.a(alt_irq_vars.o)
 .data          0x000000000006a40c        0x0 ../ECE385_bsp/\libhal_bsp.a(alt_kill.o)
 .data          0x000000000006a40c        0x0 ../ECE385_bsp/\libhal_bsp.a(alt_load.o)
 .data          0x000000000006a40c        0x0 ../ECE385_bsp/\libhal_bsp.a(alt_main.o)
 .data          0x000000000006a40c        0x0 ../ECE385_bsp/\libhal_bsp.a(alt_sbrk.o)
 .data          0x000000000006a40c        0x0 ../ECE385_bsp/\libhal_bsp.a(alt_times.o)
 .data          0x000000000006a40c        0x0 ../ECE385_bsp/\libhal_bsp.a(alt_write.o)
 .data          0x000000000006a40c      0x11c ../ECE385_bsp/\libhal_bsp.a(alt_sys_init.o)
 .data          0x000000000006a528        0x0 ../ECE385_bsp/\libhal_bsp.a(altera_avalon_jtag_uart_fd.o)
 .data          0x000000000006a528        0x0 ../ECE385_bsp/\libhal_bsp.a(altera_avalon_jtag_uart_read.o)
 .data          0x000000000006a528        0x0 ../ECE385_bsp/\libhal_bsp.a(altera_avalon_jtag_uart_write.o)
 .data          0x000000000006a528        0x0 ../ECE385_bsp/\libhal_bsp.a(altera_avalon_sgdma.o)
 .data          0x000000000006a528        0x0 ../ECE385_bsp/\libhal_bsp.a(altera_avalon_timer_sc.o)
 .data          0x000000000006a528        0x0 ../ECE385_bsp/\libhal_bsp.a(alt_close.o)
 .data          0x000000000006a528        0x0 ../ECE385_bsp/\libhal_bsp.a(alt_dcache_flush.o)
 .data          0x000000000006a528        0x0 ../ECE385_bsp/\libhal_bsp.a(alt_dcache_flush_all.o)
 .data          0x000000000006a528      0x1a8 ../ECE385_bsp/\libhal_bsp.a(alt_dev.o)
                0x000000000006a528                alt_fd_list
                0x000000000006a6a8                alt_dev_null