#-----------------------------------------------------------
# Vivado v2016.2 (64-bit)
# SW Build 1577090 on Thu Jun  2 16:32:40 MDT 2016
# IP Build 1577682 on Fri Jun  3 12:00:54 MDT 2016
# Start of session at: Fri Mar 03 10:32:11 2017
# Process ID: 4428
# Current directory: C:/Users/HEHE/Desktop/top2048
# Command line: vivado.exe -gui_launcher_event rodinguilauncherevent4472 C:\Users\HEHE\Desktop\top2048\top2048.xpr
# Log file: C:/Users/HEHE/Desktop/top2048/vivado.log
# Journal file: C:/Users/HEHE/Desktop/top2048\vivado.jou
#-----------------------------------------------------------
start_gui
open_project C:/Users/HEHE/Desktop/top2048/top2048.xpr
update_compile_order -fileset sources_1
import_files -norecurse {C:/Users/HEHE/Desktop/数字系统_贪吃蛇实验/vgaright/vga.v C:/Users/HEHE/Desktop/数字系统_贪吃蛇实验/vgaright/tab.v}
update_compile_order -fileset sources_1
update_compile_order -fileset sources_1
update_compile_order -fileset sim_1
update_compile_order -fileset sources_1
update_compile_order -fileset sources_1
update_compile_order -fileset sim_1
update_compile_order -fileset sources_1
update_compile_order -fileset sources_1
update_compile_order -fileset sources_1
remove_files C:/Users/HEHE/Desktop/top2048/top2048.srcs/sources_1/imports/vgaright/tab.v
file delete -force C:/Users/HEHE/Desktop/top2048/top2048.srcs/sources_1/imports/vgaright/tab.v
reset_run synth_1
launch_runs synth_1 -jobs 4
wait_on_run synth_1
reset_run synth_1
launch_runs synth_1 -jobs 4
wait_on_run synth_1
launch_runs impl_1 -jobs 4
wait_on_run impl_1
